<html>
<body>
<pre>
<h1>µVision Build Log</h1>
<h2>Tool Versions:</h2>
IDE-Version: ¦ÌVision V5.43.1.0
Copyright (C) 2025 ARM Ltd and ARM Germany GmbH. All rights reserved.
License Information: Relog Song, Guangdong University of Technology, LIC=IK1BF-6H7XZ-9U34U-SMY5N-IKFDM-VVB9V
 
Tool Versions:
Toolchain:       MDK-ARM Plus  Version: 5.43.0.0
Toolchain Path:  D:\Keil\Core\ARM\ARMCLANG\Bin
C Compiler:      ArmClang.exe V6.24
Assembler:       Armasm.exe V6.24
Linker/Locator:  ArmLink.exe V6.24
Library Manager: ArmAr.exe V6.24
Hex Converter:   FromElf.exe V6.24
CPU DLL:         SARMCM3.DLL V5.43.0.0
Dialog DLL:      DCM.DLL V1.17.5.0
Target DLL:      Segger\JL2CM3.dll V2.99.45.0
Dialog DLL:      TCM.DLL V1.56.6.0
 
<h2>Project:</h2>
C:\Users\Relog\Desktop\STM32H743IIT6_Template\MDK-ARM\STM32H743IIT6.uvprojx
Project File Date:  01/09/2026

<h2>Output:</h2>
*** Using Compiler 'V6.24', folder: 'D:\Keil\Core\ARM\ARMCLANG\Bin'
Rebuild target 'STM32H743IIT6'
assembling startup_stm32h743xx.s...
compiling quadspi.c...
compiling stm32h7xx_hal_msp.c...
compiling ltdc.c...
compiling sdmmc.c...
compiling stm32h7xx_hal_timebase_tim.c...
compiling usart.c...
compiling stm32h7xx_it.c...
compiling dma2d.c...
compiling freertos.c...
compiling gpio.c...
compiling rtc.c...
compiling fmc.c...
compiling main.c...
compiling stm32h7xx_hal_tim_ex.c...
compiling stm32h7xx_hal_cortex.c...
compiling stm32h7xx_hal_rcc.c...
compiling stm32h7xx_hal_flash.c...
compiling stm32h7xx_hal_gpio.c...
compiling stm32h7xx_hal_flash_ex.c...
compiling stm32h7xx_hal_hsem.c...
compiling stm32h7xx_hal_tim.c...
compiling stm32h7xx_hal_pwr.c...
compiling stm32h7xx_hal_rcc_ex.c...
compiling stm32h7xx_hal_mdma.c...
compiling stm32h7xx_hal_dma_ex.c...
compiling stm32h7xx_hal.c...
compiling stm32h7xx_hal_pwr_ex.c...
compiling stm32h7xx_hal_dma.c...
compiling stm32h7xx_hal_i2c_ex.c...
compiling stm32h7xx_hal_exti.c...
compiling stm32h7xx_hal_nor.c...
compiling stm32h7xx_hal_sram.c...
compiling stm32h7xx_ll_fmc.c...
compiling stm32h7xx_hal_nand.c...
compiling stm32h7xx_hal_dma2d.c...
compiling stm32h7xx_hal_dsi.c...
compiling stm32h7xx_hal_ltdc_ex.c...
compiling stm32h7xx_hal_sdram.c...
compiling stm32h7xx_hal_ltdc.c...
compiling stm32h7xx_ll_delayblock.c...
compiling stm32h7xx_hal_qspi.c...
compiling stm32h7xx_hal_rtc.c...
compiling croutine.c...
compiling stm32h7xx_hal_i2c.c...
compiling stm32h7xx_hal_mmc.c...
compiling stm32h7xx_hal_rtc_ex.c...
compiling stm32h7xx_hal_sd_ex.c...
compiling stm32h7xx_ll_sdmmc.c...
compiling list.c...
compiling stm32h7xx_hal_mmc_ex.c...
compiling event_groups.c...
compiling system_stm32h7xx.c...
compiling stm32h7xx_hal_uart_ex.c...
compiling stm32h7xx_hal_sd.c...
compiling heap_4.c...
compiling timers.c...
compiling queue.c...
compiling stream_buffer.c...
compiling port.c...
compiling stm32h7xx_hal_uart.c...
compiling tasks.c...
compiling task_default.c...
compiling w9825g6kh.c...
compiling lcd.c...
compiling cmsis_os2.c...
linking...
Program Size: Code=33786 RO-data=782 RW-data=20 ZI-data=31540  
FromELF: creating hex file...
"STM32H743IIT6\STM32H743IIT6.axf" - 0 Error(s), 0 Warning(s).

<h2>Software Packages used:</h2>

Package Vendor: ARM
                https://www.keil.com/pack/ARM.CMSIS.6.2.0.pack
                ARM::CMSIS@6.2.0
                CMSIS (Common Microcontroller Software Interface Standard)
   * Component: CORE Version: 6.1.1

Package Vendor: Keil
                https://www.keil.com/pack/Keil.STM32H7xx_DFP.4.1.3.pack
                Keil::STM32H7xx_DFP@4.1.3
                STMicroelectronics STM32H7 Series Device Support

<h2>Collection of Component include folders:</h2>
  ./RTE/_STM32H743IIT6
  D:/Keil/Pack/ARM/CMSIS/6.2.0/CMSIS/Core/Include

<h2>Collection of Component Files used:</h2>

   * Component: ARM::CMSIS:CORE@6.1.1
      Include file:  CMSIS/Core/Include/tz_context.h
Build Time Elapsed:  00:00:02
</pre>
</body>
</html>
