Component: Arm Compiler for Embedded 6.24 Tool: armlink [5f371500]

==============================================================================

Section Cross References

    startup_stm32h743xx.o(STACK) refers (Special) to heapauxi.o(.text) for __use_two_region_memory
    startup_stm32h743xx.o(HEAP) refers (Special) to heapauxi.o(.text) for __use_two_region_memory
    startup_stm32h743xx.o(RESET) refers (Special) to heapauxi.o(.text) for __use_two_region_memory
    startup_stm32h743xx.o(RESET) refers to startup_stm32h743xx.o(STACK) for __initial_sp
    startup_stm32h743xx.o(RESET) refers to startup_stm32h743xx.o(.text) for Reset_Handler
    startup_stm32h743xx.o(RESET) refers to stm32h7xx_it.o(.text.NMI_Handler) for NMI_Handler
    startup_stm32h743xx.o(RESET) refers to stm32h7xx_it.o(.text.HardFault_Handler) for HardFault_Handler
    startup_stm32h743xx.o(RESET) refers to stm32h7xx_it.o(.text.MemManage_Handler) for MemManage_Handler
    startup_stm32h743xx.o(RESET) refers to stm32h7xx_it.o(.text.BusFault_Handler) for BusFault_Handler
    startup_stm32h743xx.o(RESET) refers to stm32h7xx_it.o(.text.UsageFault_Handler) for UsageFault_Handler
    startup_stm32h743xx.o(RESET) refers to port.o(.text.SVC_Handler) for SVC_Handler
    startup_stm32h743xx.o(RESET) refers to stm32h7xx_it.o(.text.DebugMon_Handler) for DebugMon_Handler
    startup_stm32h743xx.o(RESET) refers to port.o(.text.PendSV_Handler) for PendSV_Handler
    startup_stm32h743xx.o(RESET) refers to cmsis_os2.o(.text.SysTick_Handler) for SysTick_Handler
    startup_stm32h743xx.o(RESET) refers to stm32h7xx_it.o(.text.TIM7_IRQHandler) for TIM7_IRQHandler
    startup_stm32h743xx.o(.text) refers (Special) to heapauxi.o(.text) for __use_two_region_memory
    startup_stm32h743xx.o(.text) refers to system_stm32h7xx.o(.text.ExitRun0Mode) for ExitRun0Mode
    startup_stm32h743xx.o(.text) refers to system_stm32h7xx.o(.text.SystemInit) for SystemInit
    startup_stm32h743xx.o(.text) refers to __main.o(!!!main) for __main
    startup_stm32h743xx.o(.text) refers to startup_stm32h743xx.o(HEAP) for Heap_Mem
    startup_stm32h743xx.o(.text) refers to startup_stm32h743xx.o(STACK) for Stack_Mem
    main.o(.text.main) refers to main.o(.text.MPU_Config) for MPU_Config
    main.o(.text.main) refers to stm32h7xx_hal.o(.text.HAL_Init) for HAL_Init
    main.o(.text.main) refers to main.o(.text.SystemClock_Config) for SystemClock_Config
    main.o(.text.main) refers to gpio.o(.text.MX_GPIO_Init) for MX_GPIO_Init
    main.o(.text.main) refers to dma2d.o(.text.MX_DMA2D_Init) for MX_DMA2D_Init
    main.o(.text.main) refers to cmsis_os2.o(.text.osKernelInitialize) for osKernelInitialize
    main.o(.text.main) refers to freertos.o(.text.MX_FREERTOS_Init) for MX_FREERTOS_Init
    main.o(.text.main) refers to cmsis_os2.o(.text.osKernelStart) for osKernelStart
    main.o(.ARM.exidx.text.main) refers to main.o(.text.main) for [Anonymous Symbol]
    main.o(.text.MPU_Config) refers to stm32h7xx_hal_cortex.o(.text.HAL_MPU_Disable) for HAL_MPU_Disable
    main.o(.text.MPU_Config) refers to stm32h7xx_hal_cortex.o(.text.HAL_MPU_ConfigRegion) for HAL_MPU_ConfigRegion
    main.o(.text.MPU_Config) refers to stm32h7xx_hal_cortex.o(.text.HAL_MPU_Enable) for HAL_MPU_Enable
    main.o(.ARM.exidx.text.MPU_Config) refers to main.o(.text.MPU_Config) for [Anonymous Symbol]
    main.o(.text.SystemClock_Config) refers to rt_memclr_w.o(.text) for __aeabi_memclr4
    main.o(.text.SystemClock_Config) refers to stm32h7xx_hal_pwr_ex.o(.text.HAL_PWREx_ConfigSupply) for HAL_PWREx_ConfigSupply
    main.o(.text.SystemClock_Config) refers to stm32h7xx_hal_pwr.o(.text.HAL_PWR_EnableBkUpAccess) for HAL_PWR_EnableBkUpAccess
    main.o(.text.SystemClock_Config) refers to stm32h7xx_hal.o(.text.HAL_GetREVID) for HAL_GetREVID
    main.o(.text.SystemClock_Config) refers to stm32h7xx_hal_rcc.o(.text.HAL_RCC_OscConfig) for HAL_RCC_OscConfig
    main.o(.text.SystemClock_Config) refers to main.o(.text.Error_Handler) for Error_Handler
    main.o(.text.SystemClock_Config) refers to stm32h7xx_hal_rcc.o(.text.HAL_RCC_ClockConfig) for HAL_RCC_ClockConfig
    main.o(.ARM.exidx.text.SystemClock_Config) refers to main.o(.text.SystemClock_Config) for [Anonymous Symbol]
    main.o(.ARM.exidx.text.Error_Handler) refers to main.o(.text.Error_Handler) for [Anonymous Symbol]
    main.o(.text.HAL_TIM_PeriodElapsedCallback) refers to stm32h7xx_hal.o(.text.HAL_IncTick) for HAL_IncTick
    main.o(.ARM.exidx.text.HAL_TIM_PeriodElapsedCallback) refers to main.o(.text.HAL_TIM_PeriodElapsedCallback) for [Anonymous Symbol]
    gpio.o(.text.MX_GPIO_Init) refers to stm32h7xx_hal_gpio.o(.text.HAL_GPIO_WritePin) for HAL_GPIO_WritePin
    gpio.o(.text.MX_GPIO_Init) refers to stm32h7xx_hal_gpio.o(.text.HAL_GPIO_Init) for HAL_GPIO_Init
    gpio.o(.ARM.exidx.text.MX_GPIO_Init) refers to gpio.o(.text.MX_GPIO_Init) for [Anonymous Symbol]
    freertos.o(.text.MX_FREERTOS_Init) refers to freertos.o(.text.StartDefaultTask) for StartDefaultTask
[...]
    xSuspendedTaskList                       0x24004b10   Data          20  tasks.o(.bss.xSuspendedTaskList)
    [Anonymous Symbol]                       0x24004b10   Section        0  tasks.o(.bss.xSuspendedTaskList)
    xTasksWaitingTermination                 0x24004b24   Data          20  tasks.o(.bss.xTasksWaitingTermination)
    [Anonymous Symbol]                       0x24004b24   Section        0  tasks.o(.bss.xTasksWaitingTermination)
    xTickCount                               0x24004b38   Data           4  tasks.o(.bss.xTickCount)
    [Anonymous Symbol]                       0x24004b38   Section        0  tasks.o(.bss.xTickCount)
    xTimerQueue                              0x24004b3c   Data           4  timers.o(.bss.xTimerQueue)
    [Anonymous Symbol]                       0x24004b3c   Section        0  timers.o(.bss.xTimerQueue)
    xTimerTaskHandle                         0x24004b40   Data           4  timers.o(.bss.xTimerTaskHandle)
    [Anonymous Symbol]                       0x24004b40   Section        0  timers.o(.bss.xTimerTaskHandle)
    xYieldPending                            0x24004b44   Data           4  tasks.o(.bss.xYieldPending)
    [Anonymous Symbol]                       0x24004b44   Section        0  tasks.o(.bss.xYieldPending)
    Heap_Mem                                 0x24004b48   Data        8192  startup_stm32h743xx.o(HEAP)
    HEAP                                     0x24004b48   Section     8192  startup_stm32h743xx.o(HEAP)
    Stack_Mem                                0x24006b48   Data        4096  startup_stm32h743xx.o(STACK)
    STACK                                    0x24006b48   Section     4096  startup_stm32h743xx.o(STACK)
    __initial_sp                             0x24007b48   Data           0  startup_stm32h743xx.o(STACK)

    Global Symbols

    Symbol Name                              Value     Ov Type        Size  Object(Section)

    BuildAttributes$$THM_ISAv4$E$P$D$K$B$S$7EM$VFPv5_D16$PE$PLD8$A:L22UL41UL21$X:L11$S22US41US21$IEEE1$IW$~IW$USESV6$~STKCKD$USESV7$~SHL$OTIME$ROPI$EBA8$UX$STANDARDLIB$REQ8$PRES8$EABIv2 0x00000000   Number         0  anon$$obj.o ABSOLUTE
    __ARM_exceptions_init                     - Undefined Weak Reference
    __alloca_initialize                       - Undefined Weak Reference
    __arm_preinit_                            - Undefined Weak Reference
    __arm_relocate_pie_                       - Undefined Weak Reference
    __cpp_initialize__aeabi_                  - Undefined Weak Reference
    __cxa_finalize                            - Undefined Weak Reference
    __rt_locale                               - Undefined Weak Reference
    __sigvec_lookup                           - Undefined Weak Reference
    __user_heap_extent                        - Undefined Weak Reference
    _atexit_init                              - Undefined Weak Reference
    _call_atexit_fns                          - Undefined Weak Reference
    _clock_init                               - Undefined Weak Reference
    _fp_trap_init                             - Undefined Weak Reference
    _fp_trap_shutdown                         - Undefined Weak Reference
    _get_lc_collate                           - Undefined Weak Reference
    _get_lc_ctype                             - Undefined Weak Reference
    _get_lc_monetary                          - Undefined Weak Reference
    _get_lc_numeric                           - Undefined Weak Reference
    _get_lc_time                              - Undefined Weak Reference
    _getenv_init                              - Undefined Weak Reference
    _handle_redirection                       - Undefined Weak Reference
    _initio                                   - Undefined Weak Reference
    _mutex_acquire                            - Undefined Weak Reference
    _mutex_free                               - Undefined Weak Reference
    _mutex_release                            - Undefined Weak Reference
    _rand_init                                - Undefined Weak Reference
    _signal_finish                            - Undefined Weak Reference
    _signal_init                              - Undefined Weak Reference
    _terminateio                              - Undefined Weak Reference
    __Vectors_Size                           0x00000298   Number         0  startup_stm32h743xx.o ABSOLUTE
    __Vectors                                0x08000000   Data           4  startup_stm32h743xx.o(RESET)
    __Vectors_End                            0x08000298   Data           0  startup_stm32h743xx.o(RESET)
    __main                                   0x08000299   Thumb Code     8  __main.o(!!!main)
    __scatterload                            0x080002a1   Thumb Code     0  __scatter.o(!!!scatter)
    __scatterload_rt2                        0x080002a1   Thumb Code    84  __scatter.o(!!!scatter)
    __scatterload_rt2_thumb_only             0x080002a1   Thumb Code     0  __scatter.o(!!!scatter)
    __scatterload_loop                       0x080002ab   Thumb Code     0  __scatter.o(!!!scatter)
    __scatterload_copy                       0x080002fd   Thumb Code    26  __scatter_copy.o(!!handler_copy)
    __scatterload_null                       0x08000319   Thumb Code     2  __scatter.o(!!handler_null)
    __scatterload_zeroinit                   0x0800031d   Thumb Code    28  __scatter_zi.o(!!handler_zi)
    __rt_lib_init                            0x08000339   Thumb Code     0  libinit.o(.ARM.Collect$$libinit$$00000000)
    __rt_lib_init_fp_1                       0x0800033b   Thumb Code     0  libinit2.o(.ARM.Collect$$libinit$$00000001)
    __rt_lib_init_heap_2                     0x0800033f   Thumb Code     0  libinit2.o(.ARM.Collect$$libinit$$00000007)
    __rt_lib_init_preinit_1                  0x0800033f   Thumb Code     0  libinit2.o(.ARM.Collect$$libinit$$00000006)
    __rt_lib_init_relocate_pie_1             0x0800033f   Thumb Code     0  libinit2.o(.ARM.Collect$$libinit$$00000004)
    __rt_lib_init_alloca_1                   0x08000347   Thumb Code     0  libinit2.o(.ARM.Collect$$libinit$$00000030)
    __rt_lib_init_argv_1                     0x08000347   Thumb Code     0  libinit2.o(.ARM.Collect$$libinit$$0000002E)
    __rt_lib_init_atexit_1                   0x08000347   Thumb Code     0  libinit2.o(.ARM.Collect$$libinit$$0000001D)
    __rt_lib_init_clock_1                    0x08000347   Thumb Code     0  libinit2.o(.ARM.Collect$$libinit$$00000023)
    __rt_lib_init_cpp_1                      0x08000347   Thumb Code     0  libinit2.o(.ARM.Collect$$libinit$$00000034)
    __rt_lib_init_exceptions_1               0x08000347   Thumb Code     0  libinit2.o(.ARM.Collect$$libinit$$00000032)
    __rt_lib_init_fp_trap_1                  0x08000347   Thumb Code     0  libinit2.o(.ARM.Collect$$libinit$$00000021)
    __rt_lib_init_getenv_1                   0x08000347   Thumb Code     0  libinit2.o(.ARM.Collect$$libinit$$00000025)
    __rt_lib_init_heap_1                     0x08000347   Thumb Code     0  libinit2.o(.ARM.Collect$$libinit$$0000000C)
    __rt_lib_init_lc_collate_1               0x08000347   Thumb Code     0  libinit2.o(.ARM.Collect$$libinit$$00000013)
    __rt_lib_init_lc_ctype_1                 0x08000347   Thumb Code     0  libinit2.o(.ARM.Collect$$libinit$$00000015)
    __rt_lib_init_lc_monetary_1              0x08000347   Thumb Code     0  libinit2.o(.ARM.Collect$$libinit$$00000017)
    __rt_lib_init_lc_numeric_1               0x08000347   Thumb Code     0  libinit2.o(.ARM.Collect$$libinit$$00000019)
    __rt_lib_init_lc_time_1                  0x08000347   Thumb Code     0  libinit2.o(.ARM.Collect$$libinit$$0000001B)
    __rt_lib_init_rand_1                     0x08000347   Thumb Code     0  libinit2.o(.ARM.Collect$$libinit$$00000010)
    __rt_lib_init_return                     0x08000347   Thumb Code     0  libinit2.o(.ARM.Collect$$libinit$$00000035)
    __rt_lib_init_signal_1                   0x08000347   Thumb Code     0  libinit2.o(.ARM.Collect$$libinit$$0000001F)
    __rt_lib_init_stdio_1                    0x08000347   Thumb Code     0  libinit2.o(.ARM.Collect$$libinit$$00000027)
    __rt_lib_init_user_alloc_1               0x08000347   Thumb Code     0  libinit2.o(.ARM.Collect$$libinit$$0000000E)
    __rt_lib_shutdown                        0x08000349   Thumb Code     0  libshutdown.o(.ARM.Collect$$libshutdown$$00000000)
    __rt_lib_shutdown_cpp_1                  0x0800034b   Thumb Code     0  libshutdown2.o(.ARM.Collect$$libshutdown$$00000002)
    __rt_lib_shutdown_fp_trap_1              0x0800034b   Thumb Code     0  libshutdown2.o(.ARM.Collect$$libshutdown$$00000007)
    __rt_lib_shutdown_heap_1                 0x0800034b   Thumb Code     0  libshutdown2.o(.ARM.Collect$$libshutdown$$0000000F)
    __rt_lib_shutdown_return                 0x0800034b   Thumb Code     0  libshutdown2.o(.ARM.Collect$$libshutdown$$00000010)
    __rt_lib_shutdown_signal_1               0x0800034b   Thumb Code     0  libshutdown2.o(.ARM.Collect$$libshutdown$$0000000A)
    __rt_lib_shutdown_stdio_1                0x0800034b   Thumb Code     0  libshutdown2.o(.ARM.Collect$$libshutdown$$00000004)
    __rt_lib_shutdown_user_alloc_1           0x0800034b   Thumb Code     0  libshutdown2.o(.ARM.Collect$$libshutdown$$0000000C)
    __rt_entry                               0x0800034d   Thumb Code     0  __rtentry.o(.ARM.Collect$$rtentry$$00000000)
    __rt_entry_presh_1                       0x0800034d   Thumb Code     0  __rtentry2.o(.ARM.Collect$$rtentry$$00000002)
    __rt_entry_sh                            0x0800034d   Thumb Code     0  __rtentry4.o(.ARM.Collect$$rtentry$$00000004)
    __rt_entry_li                            0x08000353   Thumb Code     0  __rtentry2.o(.ARM.Collect$$rtentry$$0000000A)
    __rt_entry_postsh_1                      0x08000353   Thumb Code     0  __rtentry2.o(.ARM.Collect$$rtentry$$00000009)
    __rt_entry_main                          0x08000357   Thumb Code     0  __rtentry2.o(.ARM.Collect$$rtentry$$0000000D)
    __rt_entry_postli_1                      0x08000357   Thumb Code     0  __rtentry2.o(.ARM.Collect$$rtentry$$0000000C)
    __rt_exit                                0x0800035f   Thumb Code     0  rtexit.o(.ARM.Collect$$rtexit$$00000000)
    __rt_exit_ls                             0x08000361   Thumb Code     0  rtexit2.o(.ARM.Collect$$rtexit$$00000003)
    __rt_exit_prels_1                        0x08000361   Thumb Code     0  rtexit2.o(.ARM.Collect$$rtexit$$00000002)
    __rt_exit_exit                           0x08000365   Thumb Code     0  rtexit2.o(.ARM.Collect$$rtexit$$00000004)
    Reset_Handler                            0x0800036d   Thumb Code    12  startup_stm32h743xx.o(.text)
    ADC3_IRQHandler                          0x0800038b   Thumb Code     0  startup_stm32h743xx.o(.text)
    ADC_IRQHandler                           0x0800038b   Thumb Code     0  startup_stm32h743xx.o(.text)
    BDMA_Channel0_IRQHandler                 0x0800038b   Thumb Code     0  startup_stm32h743xx.o(.text)
    BDMA_Channel1_IRQHandler                 0x0800038b   Thumb Code     0  startup_stm32h743xx.o(.text)
    BDMA_Channel2_IRQHandler                 0x0800038b   Thumb Code     0  startup_stm32h743xx.o(.text)
    BDMA_Channel3_IRQHandler                 0x0800038b   Thumb Code     0  startup_stm32h743xx.o(.text)
    BDMA_Channel4_IRQHandler                 0x0800038b   Thumb Code     0  startup_stm32h743xx.o(.text)
    BDMA_Channel5_IRQHandler                 0x0800038b   Thumb Code     0  startup_stm32h743xx.o(.text)
    BDMA_Channel6_IRQHandler                 0x0800038b   Thumb Code     0  startup_stm32h743xx.o(.text)
    BDMA_Channel7_IRQHandler                 0x0800038b   Thumb Code     0  startup_stm32h743xx.o(.text)
    CEC_IRQHandler                           0x0800038b   Thumb Code     0  startup_stm32h743xx.o(.text)
    COMP1_IRQHandler                         0x0800038b   Thumb Code     0  startup_stm32h743xx.o(.text)
    CRS_IRQHandler                           0x0800038b   Thumb Code     0  startup_stm32h743xx.o(.text)
    DCMI_IRQHandler                          0x0800038b   Thumb Code     0  startup_stm32h743xx.o(.text)
    DFSDM1_FLT0_IRQHandler                   0x0800038b   Thumb Code     0  startup_stm32h743xx.o(.text)
    DFSDM1_FLT1_IRQHandler                   0x0800038b   Thumb Code     0  startup_stm32h743xx.o(.text)
    DFSDM1_FLT2_IRQHandler                   0x0800038b   Thumb Code     0  startup_stm32h743xx.o(.text)
    DFSDM1_FLT3_IRQHandler                   0x0800038b   Thumb Code     0  startup_stm32h743xx.o(.text)
    DMA1_Stream0_IRQHandler                  0x0800038b   Thumb Code     0  startup_stm32h743xx.o(.text)
    DMA1_Stream1_IRQHandler                  0x0800038b   Thumb Code     0  startup_stm32h743xx.o(.text)
    DMA1_Stream2_IRQHandler                  0x0800038b   Thumb Code     0  startup_stm32h743xx.o(.text)
    DMA1_Stream3_IRQHandler                  0x0800038b   Thumb Code     0  startup_stm32h743xx.o(.text)
    DMA1_Stream4_IRQHandler                  0x0800038b   Thumb Code     0  startup_stm32h743xx.o(.text)
    DMA1_Stream5_IRQHandler                  0x0800038b   Thumb Code     0  startup_stm32h743xx.o(.text)
    DMA1_Stream6_IRQHandler                  0x0800038b   Thumb Code     0  startup_stm32h743xx.o(.text)
    DMA1_Stream7_IRQHandler                  0x0800038b   Thumb Code     0  startup_stm32h743xx.o(.text)
    DMA2D_IRQHandler                         0x0800038b   Thumb Code     0  startup_stm32h743xx.o(.text)
    DMA2_Stream0_IRQHandler                  0x0800038b   Thumb Code     0  startup_stm32h743xx.o(.text)
    DMA2_Stream1_IRQHandler                  0x0800038b   Thumb Code     0  startup_stm32h743xx.o(.text)
    DMA2_Stream2_IRQHandler                  0x0800038b   Thumb Code     0  startup_stm32h743xx.o(.text)
    DMA2_Stream3_IRQHandler                  0x0800038b   Thumb Code     0  startup_stm32h743xx.o(.text)
    DMA2_Stream4_IRQHandler                  0x0800038b   Thumb Code     0  startup_stm32h743xx.o(.text)
    DMA2_Stream5_IRQHandler                  0x0800038b   Thumb Code     0  startup_stm32h743xx.o(.text)
    DMA2_Stream6_IRQHandler                  0x0800038b   Thumb Code     0  startup_stm32h743xx.o(.text)
    DMA2_Stream7_IRQHandler                  0x0800038b   Thumb Code     0  startup_stm32h743xx.o(.text)
    DMAMUX1_OVR_IRQHandler                   0x0800038b   Thumb Code     0  startup_stm32h743xx.o(.text)
    DMAMUX2_OVR_IRQHandler                   0x0800038b   Thumb Code     0  startup_stm32h743xx.o(.text)
    ECC_IRQHandler                           0x0800038b   Thumb Code     0  startup_stm32h743xx.o(.text)
    ETH_IRQHandler                           0x0800038b   Thumb Code     0  startup_stm32h743xx.o(.text)
    ETH_WKUP_IRQHandler                      0x0800038b   Thumb Code     0  startup_stm32h743xx.o(.text)
    EXTI0_IRQHandler                         0x0800038b   Thumb Code     0  startup_stm32h743xx.o(.text)
    EXTI15_10_IRQHandler                     0x0800038b   Thumb Code     0  startup_stm32h743xx.o(.text)
    EXTI1_IRQHandler                         0x0800038b   Thumb Code     0  startup_stm32h743xx.o(.text)
    EXTI2_IRQHandler                         0x0800038b   Thumb Code     0  startup_stm32h743xx.o(.text)
    EXTI3_IRQHandler                         0x0800038b   Thumb Code     0  startup_stm32h743xx.o(.text)
    EXTI4_IRQHandler                         0x0800038b   Thumb Code     0  startup_stm32h743xx.o(.text)
    EXTI9_5_IRQHandler                       0x0800038b   Thumb Code     0  startup_stm32h743xx.o(.text)
    FDCAN1_IT0_IRQHandler                    0x0800038b   Thumb Code     0  startup_stm32h743xx.o(.text)
    FDCAN1_IT1_IRQHandler                    0x0800038b   Thumb Code     0  startup_stm32h743xx.o(.text)
    FDCAN2_IT0_IRQHandler                    0x0800038b   Thumb Code     0  startup_stm32h743xx.o(.text)
    FDCAN2_IT1_IRQHandler                    0x0800038b   Thumb Code     0  startup_stm32h743xx.o(.text)
    FDCAN_CAL_IRQHandler                     0x0800038b   Thumb Code     0  startup_stm32h743xx.o(.text)
    FLASH_IRQHandler                         0x0800038b   Thumb Code     0  startup_stm32h743xx.o(.text)
    FMC_IRQHandler                           0x0800038b   Thumb Code     0  startup_stm32h743xx.o(.text)
    FPU_IRQHandler                           0x0800038b   Thumb Code     0  startup_stm32h743xx.o(.text)
    HRTIM1_FLT_IRQHandler                    0x0800038b   Thumb Code     0  startup_stm32h743xx.o(.text)
    HRTIM1_Master_IRQHandler                 0x0800038b   Thumb Code     0  startup_stm32h743xx.o(.text)
    HRTIM1_TIMA_IRQHandler                   0x0800038b   Thumb Code     0  startup_stm32h743xx.o(.text)
    HRTIM1_TIMB_IRQHandler                   0x0800038b   Thumb Code     0  startup_stm32h743xx.o(.text)
    HRTIM1_TIMC_IRQHandler                   0x0800038b   Thumb Code     0  startup_stm32h743xx.o(.text)
    HRTIM1_TIMD_IRQHandler                   0x0800038b   Thumb Code     0  startup_stm32h743xx.o(.text)
    HRTIM1_TIME_IRQHandler                   0x0800038b   Thumb Code     0  startup_stm32h743xx.o(.text)
    HSEM1_IRQHandler                         0x0800038b   Thumb Code     0  startup_stm32h743xx.o(.text)
    I2C1_ER_IRQHandler                       0x0800038b   Thumb Code     0  startup_stm32h743xx.o(.text)
    I2C1_EV_IRQHandler                       0x0800038b   Thumb Code     0  startup_stm32h743xx.o(.text)
    I2C2_ER_IRQHandler                       0x0800038b   Thumb Code     0  startup_stm32h743xx.o(.text)
    I2C2_EV_IRQHandler                       0x0800038b   Thumb Code     0  startup_stm32h743xx.o(.text)
    I2C3_ER_IRQHandler                       0x0800038b   Thumb Code     0  startup_stm32h743xx.o(.text)
    I2C3_EV_IRQHandler                       0x0800038b   Thumb Code     0  startup_stm32h743xx.o(.text)
    I2C4_ER_IRQHandler                       0x0800038b   Thumb Code     0  startup_stm32h743xx.o(.text)
    I2C4_EV_IRQHandler                       0x0800038b   Thumb Code     0  startup_stm32h743xx.o(.text)
    JPEG_IRQHandler                          0x0800038b   Thumb Code     0  startup_stm32h743xx.o(.text)
    LPTIM1_IRQHandler                        0x0800038b   Thumb Code     0  startup_stm32h743xx.o(.text)
    LPTIM2_IRQHandler                        0x0800038b   Thumb Code     0  startup_stm32h743xx.o(.text)
    LPTIM3_IRQHandler                        0x0800038b   Thumb Code     0  startup_stm32h743xx.o(.text)
    LPTIM4_IRQHandler                        0x0800038b   Thumb Code     0  startup_stm32h743xx.o(.text)
    LPTIM5_IRQHandler                        0x0800038b   Thumb Code     0  startup_stm32h743xx.o(.text)
    LPUART1_IRQHandler                       0x0800038b   Thumb Code     0  startup_stm32h743xx.o(.text)
    LTDC_ER_IRQHandler                       0x0800038b   Thumb Code     0  startup_stm32h743xx.o(.text)
    LTDC_IRQHandler                          0x0800038b   Thumb Code     0  startup_stm32h743xx.o(.text)
    MDIOS_IRQHandler                         0x0800038b   Thumb Code     0  startup_stm32h743xx.o(.text)
    MDIOS_WKUP_IRQHandler                    0x0800038b   Thumb Code     0  startup_stm32h743xx.o(.text)
    MDMA_IRQHandler                          0x0800038b   Thumb Code     0  startup_stm32h743xx.o(.text)
    OTG_FS_EP1_IN_IRQHandler                 0x0800038b   Thumb Code     0  startup_stm32h743xx.o(.text)
    OTG_FS_EP1_OUT_IRQHandler                0x0800038b   Thumb Code     0  startup_stm32h743xx.o(.text)
    OTG_FS_IRQHandler                        0x0800038b   Thumb Code     0  startup_stm32h743xx.o(.text)
    OTG_FS_WKUP_IRQHandler                   0x0800038b   Thumb Code     0  startup_stm32h743xx.o(.text)
    OTG_HS_EP1_IN_IRQHandler                 0x0800038b   Thumb Code     0  startup_stm32h743xx.o(.text)
    OTG_HS_EP1_OUT_IRQHandler                0x0800038b   Thumb Code     0  startup_stm32h743xx.o(.text)
    OTG_HS_IRQHandler                        0x0800038b   Thumb Code     0  startup_stm32h743xx.o(.text)
    OTG_HS_WKUP_IRQHandler                   0x0800038b   Thumb Code     0  startup_stm32h743xx.o(.text)
    PVD_AVD_IRQHandler                       0x0800038b   Thumb Code     0  startup_stm32h743xx.o(.text)
    QUADSPI_IRQHandler                       0x0800038b   Thumb Code     0  startup_stm32h743xx.o(.text)
    RCC_IRQHandler                           0x0800038b   Thumb Code     0  startup_stm32h743xx.o(.text)
    RNG_IRQHandler                           0x0800038b   Thumb Code     0  startup_stm32h743xx.o(.text)
    RTC_Alarm_IRQHandler                     0x0800038b   Thumb Code     0  startup_stm32h743xx.o(.text)
    RTC_WKUP_IRQHandler                      0x0800038b   Thumb Code     0  startup_stm32h743xx.o(.text)
    SAI1_IRQHandler                          0x0800038b   Thumb Code     0  startup_stm32h743xx.o(.text)
    SAI2_IRQHandler                          0x0800038b   Thumb Code     0  startup_stm32h743xx.o(.text)
    SAI3_IRQHandler                          0x0800038b   Thumb Code     0  startup_stm32h743xx.o(.text)
    SAI4_IRQHandler                          0x0800038b   Thumb Code     0  startup_stm32h743xx.o(.text)
    SDMMC1_IRQHandler                        0x0800038b   Thumb Code     0  startup_stm32h743xx.o(.text)
    SDMMC2_IRQHandler                        0x0800038b   Thumb Code     0  startup_stm32h743xx.o(.text)
    SPDIF_RX_IRQHandler                      0x0800038b   Thumb Code     0  startup_stm32h743xx.o(.text)
    SPI1_IRQHandler                          0x0800038b   Thumb Code     0  startup_stm32h743xx.o(.text)
    SPI2_IRQHandler                          0x0800038b   Thumb Code     0  startup_stm32h743xx.o(.text)
    SPI3_IRQHandler                          0x0800038b   Thumb Code     0  startup_stm32h743xx.o(.text)
    SPI4_IRQHandler                          0x0800038b   Thumb Code     0  startup_stm32h743xx.o(.text)
    SPI5_IRQHandler                          0x0800038b   Thumb Code     0  startup_stm32h743xx.o(.text)
    SPI6_IRQHandler                          0x0800038b   Thumb Code     0  startup_stm32h743xx.o(.text)
    SWPMI1_IRQHandler                        0x0800038b   Thumb Code     0  startup_stm32h743xx.o(.text)
    TAMP_STAMP_IRQHandler                    0x0800038b   Thumb Code     0  startup_stm32h743xx.o(.text)
    TIM15_IRQHandler                         0x0800038b   Thumb Code     0  startup_stm32h743xx.o(.text)
    TIM16_IRQHandler                         0x0800038b   Thumb Code     0  startup_stm32h743xx.o(.text)
    TIM17_IRQHandler                         0x0800038b   Thumb Code     0  startup_stm32h743xx.o(.text)
    TIM1_BRK_IRQHandler                      0x0800038b   Thumb Code     0  startup_stm32h743xx.o(.text)
    TIM1_CC_IRQHandler                       0x0800038b   Thumb Code     0  startup_stm32h743xx.o(.text)
    TIM1_TRG_COM_IRQHandler                  0x0800038b   Thumb Code     0  startup_stm32h743xx.o(.text)
    TIM1_UP_IRQHandler                       0x0800038b   Thumb Code     0  startup_stm32h743xx.o(.text)
    TIM2_IRQHandler                          0x0800038b   Thumb Code     0  startup_stm32h743xx.o(.text)
    TIM3_IRQHandler                          0x0800038b   Thumb Code     0  startup_stm32h743xx.o(.text)
    TIM4_IRQHandler                          0x0800038b   Thumb Code     0  startup_stm32h743xx.o(.text)
    TIM5_IRQHandler                          0x0800038b   Thumb Code     0  startup_stm32h743xx.o(.text)
    TIM6_DAC_IRQHandler                      0x0800038b   Thumb Code     0  startup_stm32h743xx.o(.text)
    TIM8_BRK_TIM12_IRQHandler                0x0800038b   Thumb Code     0  startup_stm32h743xx.o(.text)
    TIM8_CC_IRQHandler                       0x0800038b   Thumb Code     0  startup_stm32h743xx.o(.text)
    TIM8_TRG_COM_TIM14_IRQHandler            0x0800038b   Thumb Code     0  startup_stm32h743xx.o(.text)
    TIM8_UP_TIM13_IRQHandler                 0x0800038b   Thumb Code     0  startup_stm32h743xx.o(.text)
    UART4_IRQHandler                         0x0800038b   Thumb Code     0  startup_stm32h743xx.o(.text)
    UART5_IRQHandler                         0x0800038b   Thumb Code     0  startup_stm32h743xx.o(.text)
    UART7_IRQHandler                         0x0800038b   Thumb Code     0  startup_stm32h743xx.o(.text)
    UART8_IRQHandler                         0x0800038b   Thumb Code     0  startup_stm32h743xx.o(.text)
    USART1_IRQHandler                        0x0800038b   Thumb Code     0  startup_stm32h743xx.o(.text)
    USART2_IRQHandler                        0x0800038b   Thumb Code     0  startup_stm32h743xx.o(.text)
    USART3_IRQHandler                        0x0800038b   Thumb Code     0  startup_stm32h743xx.o(.text)
    USART6_IRQHandler                        0x0800038b   Thumb Code     0  startup_stm32h743xx.o(.text)
    WAKEUP_PIN_IRQHandler                    0x0800038b   Thumb Code     0  startup_stm32h743xx.o(.text)
    WWDG_IRQHandler                          0x0800038b   Thumb Code     0  startup_stm32h743xx.o(.text)
    __user_initial_stackheap                 0x0800038d   Thumb Code     0  startup_stm32h743xx.o(.text)
    malloc                                   0x080003b5   Thumb Code    94  h1_alloc.o(.text)
    free                                     0x08000413   Thumb Code    78  h1_free.o(.text)
    __aeabi_memcpy                           0x08000461   Thumb Code     0  rt_memcpy_v6.o(.text)
    __rt_memcpy                              0x08000461   Thumb Code   138  rt_memcpy_v6.o(.text)
    _memcpy_lastbytes                        0x080004c7   Thumb Code     0  rt_memcpy_v6.o(.text)
    __aeabi_memset4                          0x080004eb   Thumb Code    16  aeabi_memset4.o(.text)
    __aeabi_memset8                          0x080004eb   Thumb Code     0  aeabi_memset4.o(.text)
    __aeabi_memclr4                          0x080004fb   Thumb Code     0  rt_memclr_w.o(.text)
    __aeabi_memclr8                          0x080004fb   Thumb Code     0  rt_memclr_w.o(.text)
    __rt_memclr_w                            0x080004fb   Thumb Code     0  rt_memclr_w.o(.text)
    _memset_w                                0x080004ff   Thumb Code    74  rt_memclr_w.o(.text)
    __use_two_region_memory                  0x08000549   Thumb Code     2  heapauxi.o(.text)
    __rt_heap_escrow                         0x0800054b   Thumb Code     2  heapauxi.o(.text)
    __rt_heap_expand                         0x0800054d   Thumb Code     2  heapauxi.o(.text)
    __rt_heap_descriptor                     0x08000551   Thumb Code     8  rt_heap_descriptor_intlibspace.o(.text)
    __use_no_heap                            0x08000559   Thumb Code     2  hguard.o(.text)
    __heap$guard                             0x0800055b   Thumb Code     2  hguard.o(.text)
    _terminate_user_alloc                    0x0800055d   Thumb Code     2  init_alloc.o(.text)
    _init_user_alloc                         0x0800055f   Thumb Code     2  init_alloc.o(.text)
    __Heap_Full                              0x08000561   Thumb Code    34  init_alloc.o(.text)
    __Heap_Broken                            0x08000583   Thumb Code     6  init_alloc.o(.text)
    _init_alloc                              0x08000589   Thumb Code    94  init_alloc.o(.text)
    __Heap_Initialize                        0x080005e7   Thumb Code     8  h1_init.o(.text)
    __Heap_DescSize                          0x080005ef   Thumb Code     4  h1_init.o(.text)
    __aeabi_memcpy4                          0x080005f3   Thumb Code     0  rt_memcpy_w.o(.text)
    __aeabi_memcpy8                          0x080005f3   Thumb Code     0  rt_memcpy_w.o(.text)
    __rt_memcpy_w                            0x080005f3   Thumb Code   100  rt_memcpy_w.o(.text)
    _memcpy_lastbytes_aligned                0x0800063b   Thumb Code     0  rt_memcpy_w.o(.text)
    __user_libspace                          0x08000659   Thumb Code     8  libspace.o(.text)
    __user_perproc_libspace                  0x08000659   Thumb Code     0  libspace.o(.text)
    __user_perthread_libspace                0x08000659   Thumb Code     0  libspace.o(.text)
    __Heap_ProvideMemory                     0x08000661   Thumb Code    52  h1_extend.o(.text)
    _maybe_terminate_alloc                   0x08000661   Thumb Code     0  maybetermalloc1.o(.text)
    __rt_SIGRTMEM                            0x08000695   Thumb Code    14  defsig_rtmem_outer.o(.text)
    __I$use$semihosting                      0x080006a3   Thumb Code     0  use_no_semi.o(.text)
    __use_no_semihosting_swi                 0x080006a3   Thumb Code     2  use_no_semi.o(.text)
    __semihosting_library_function           0x080006a5   Thumb Code     0  indicate_semi.o(.text)
    __user_setup_stackheap                   0x080006a5   Thumb Code    74  sys_stackheap_outer.o(.text)
    exit                                     0x080006ef   Thumb Code    18  exit.o(.text)
    __sig_exit                               0x08000701   Thumb Code    10  defsig_exit.o(.text)
    __rt_SIGRTMEM_inner                      0x0800070d   Thumb Code    22  defsig_rtmem_inner.o(.text)
    _sys_exit                                0x0800075d   Thumb Code     8  sys_exit.o(.text)
    __default_signal_display                 0x08000769   Thumb Code    50  defsig_general.o(.text)
    _ttywrch                                 0x0800079b   Thumb Code    14  sys_wrch.o(.text)
    BusFault_Handler                         0x080007a9   Thumb Code     4  stm32h7xx_it.o(.text.BusFault_Handler)
    DebugMon_Handler                         0x080007b1   Thumb Code     2  stm32h7xx_it.o(.text.DebugMon_Handler)
    Error_Handler                            0x080007b9   Thumb Code    14  main.o(.text.Error_Handler)
    ExitRun0Mode                             0x080007c9   Thumb Code    40  system_stm32h7xx.o(.text.ExitRun0Mode)
    FMC_SDRAM_Init                           0x080007f1   Thumb Code   162  stm32h7xx_ll_fmc.o(.text.FMC_SDRAM_Init)
    FMC_SDRAM_ProgramRefreshRate             0x08000899   Thumb Code    32  stm32h7xx_ll_fmc.o(.text.FMC_SDRAM_ProgramRefreshRate)
    FMC_SDRAM_SendCommand                    0x080008b9   Thumb Code    56  stm32h7xx_ll_fmc.o(.text.FMC_SDRAM_SendCommand)
    FMC_SDRAM_Timing_Init                    0x080008f1   Thumb Code   250  stm32h7xx_ll_fmc.o(.text.FMC_SDRAM_Timing_Init)
    HAL_DMA2D_Init                           0x080009f1   Thumb Code   188  stm32h7xx_hal_dma2d.o(.text.HAL_DMA2D_Init)
    HAL_DMA2D_MspInit                        0x08000ab1   Thumb Code    58  dma2d.o(.text.HAL_DMA2D_MspInit)
    HAL_Delay                                0x08000af1   Thumb Code    66  stm32h7xx_hal.o(.text.HAL_Delay)
    HAL_GPIO_Init                            0x08000c89   Thumb Code   964  stm32h7xx_hal_gpio.o(.text.HAL_GPIO_Init)
    HAL_GPIO_WritePin                        0x08001051   Thumb Code    46  stm32h7xx_hal_gpio.o(.text.HAL_GPIO_WritePin)
    HAL_GetREVID                             0x08001081   Thumb Code    14  stm32h7xx_hal.o(.text.HAL_GetREVID)
    HAL_GetTick                              0x08001091   Thumb Code    12  stm32h7xx_hal.o(.text.HAL_GetTick)
    HAL_IncTick                              0x080010a1   Thumb Code    26  stm32h7xx_hal.o(.text.HAL_IncTick)
    HAL_Init                                 0x080010c1   Thumb Code   122  stm32h7xx_hal.o(.text.HAL_Init)
    HAL_InitTick                             0x08001141   Thumb Code   220  stm32h7xx_hal_timebase_tim.o(.text.HAL_InitTick)
    HAL_LTDC_ConfigLayer                     0x08001221   Thumb Code   188  stm32h7xx_hal_ltdc.o(.text.HAL_LTDC_ConfigLayer)
    HAL_LTDC_Init                            0x080012e1   Thumb Code   282  stm32h7xx_hal_ltdc.o(.text.HAL_LTDC_Init)
    HAL_LTDC_MspInit                         0x08001401   Thumb Code   676  ltdc.o(.text.HAL_LTDC_MspInit)
    HAL_MPU_ConfigRegion                     0x080016a9   Thumb Code   128  stm32h7xx_hal_cortex.o(.text.HAL_MPU_ConfigRegion)
    HAL_MPU_Disable                          0x08001729   Thumb Code    34  stm32h7xx_hal_cortex.o(.text.HAL_MPU_Disable)
    HAL_MPU_Enable                           0x08001751   Thumb Code    48  stm32h7xx_hal_cortex.o(.text.HAL_MPU_Enable)
    HAL_MspInit                              0x08001781   Thumb Code    50  stm32h7xx_hal_msp.o(.text.HAL_MspInit)
    HAL_NVIC_EnableIRQ                       0x080017b9   Thumb Code    20  stm32h7xx_hal_cortex.o(.text.HAL_NVIC_EnableIRQ)
    HAL_NVIC_SetPriority                     0x080017d1   Thumb Code    46  stm32h7xx_hal_cortex.o(.text.HAL_NVIC_SetPriority)
    HAL_NVIC_SetPriorityGrouping             0x08001801   Thumb Code    16  stm32h7xx_hal_cortex.o(.text.HAL_NVIC_SetPriorityGrouping)
    HAL_PWREx_ConfigSupply                   0x08001811   Thumb Code   162  stm32h7xx_hal_pwr_ex.o(.text.HAL_PWREx_ConfigSupply)
    HAL_PWR_EnableBkUpAccess                 0x080018b9   Thumb Code    18  stm32h7xx_hal_pwr.o(.text.HAL_PWR_EnableBkUpAccess)
    HAL_RCCEx_PeriphCLKConfig                0x080018d1   Thumb Code  4256  stm32h7xx_hal_rcc_ex.o(.text.HAL_RCCEx_PeriphCLKConfig)
    HAL_RCC_ClockConfig                      0x08002971   Thumb Code  1176  stm32h7xx_hal_rcc.o(.text.HAL_RCC_ClockConfig)
    HAL_RCC_GetClockConfig                   0x08002e09   Thumb Code   136  stm32h7xx_hal_rcc.o(.text.HAL_RCC_GetClockConfig)
    HAL_RCC_GetHCLKFreq                      0x08002e91   Thumb Code    86  stm32h7xx_hal_rcc.o(.text.HAL_RCC_GetHCLKFreq)
    HAL_RCC_GetPCLK1Freq                     0x08002ee9   Thumb Code    38  stm32h7xx_hal_rcc.o(.text.HAL_RCC_GetPCLK1Freq)
    HAL_RCC_GetSysClockFreq                  0x08002f11   Thumb Code   748  stm32h7xx_hal_rcc.o(.text.HAL_RCC_GetSysClockFreq)
    HAL_RCC_OscConfig                        0x08003211   Thumb Code  2904  stm32h7xx_hal_rcc.o(.text.HAL_RCC_OscConfig)
    HAL_SDRAM_Init                           0x08003d69   Thumb Code   118  stm32h7xx_hal_sdram.o(.text.HAL_SDRAM_Init)
    HAL_SDRAM_MspInit                        0x08003de1   Thumb Code    14  fmc.o(.text.HAL_SDRAM_MspInit)
    HAL_SDRAM_ProgramRefreshRate             0x08003df1   Thumb Code    94  stm32h7xx_hal_sdram.o(.text.HAL_SDRAM_ProgramRefreshRate)
    HAL_SDRAM_SendCommand                    0x08003e51   Thumb Code   136  stm32h7xx_hal_sdram.o(.text.HAL_SDRAM_SendCommand)
    HAL_TIMEx_Break2Callback                 0x08003ed9   Thumb Code     8  stm32h7xx_hal_tim_ex.o(.text.HAL_TIMEx_Break2Callback)
    HAL_TIMEx_BreakCallback                  0x08003ee1   Thumb Code     8  stm32h7xx_hal_tim_ex.o(.text.HAL_TIMEx_BreakCallback)
    HAL_TIMEx_CommutCallback                 0x08003ee9   Thumb Code     8  stm32h7xx_hal_tim_ex.o(.text.HAL_TIMEx_CommutCallback)
    HAL_TIM_Base_Init                        0x08003ef1   Thumb Code   168  stm32h7xx_hal_tim.o(.text.HAL_TIM_Base_Init)
    HAL_TIM_Base_MspInit                     0x08003f99   Thumb Code     8  stm32h7xx_hal_tim.o(.text.HAL_TIM_Base_MspInit)
    HAL_TIM_Base_Start_IT                    0x08003fa1   Thumb Code   260  stm32h7xx_hal_tim.o(.text.HAL_TIM_Base_Start_IT)
    HAL_TIM_IC_CaptureCallback               0x080040a9   Thumb Code     8  stm32h7xx_hal_tim.o(.text.HAL_TIM_IC_CaptureCallback)
    HAL_TIM_IRQHandler                       0x080040b1   Thumb Code   592  stm32h7xx_hal_tim.o(.text.HAL_TIM_IRQHandler)
    HAL_TIM_OC_DelayElapsedCallback          0x08004301   Thumb Code     8  stm32h7xx_hal_tim.o(.text.HAL_TIM_OC_DelayElapsedCallback)
    HAL_TIM_PWM_PulseFinishedCallback        0x08004309   Thumb Code     8  stm32h7xx_hal_tim.o(.text.HAL_TIM_PWM_PulseFinishedCallback)
    HAL_TIM_PeriodElapsedCallback            0x08004311   Thumb Code    34  main.o(.text.HAL_TIM_PeriodElapsedCallback)
    HAL_TIM_TriggerCallback                  0x08004339   Thumb Code     8  stm32h7xx_hal_tim.o(.text.HAL_TIM_TriggerCallback)
    HardFault_Handler                        0x08004341   Thumb Code     4  stm32h7xx_it.o(.text.HardFault_Handler)
    LCD_Clear                                0x08004349   Thumb Code   154  lcd.o(.text.LCD_Clear)
    LCD_DisplayDirection                     0x080043e9   Thumb Code    24  lcd.o(.text.LCD_DisplayDirection)
    LCD_Init                                 0x08004401   Thumb Code   268  lcd.o(.text.LCD_Init)
    LCD_SetBackColor                         0x08004511   Thumb Code   328  lcd.o(.text.LCD_SetBackColor)
    LCD_SetColor                             0x08004659   Thumb Code   328  lcd.o(.text.LCD_SetColor)
    LCD_SetLayer                             0x080047a1   Thumb Code    34  lcd.o(.text.LCD_SetLayer)
    MX_DMA2D_Init                            0x08004a79   Thumb Code    50  dma2d.o(.text.MX_DMA2D_Init)
    MX_FREERTOS_Init                         0x08004ab1   Thumb Code    36  freertos.o(.text.MX_FREERTOS_Init)
    MX_GPIO_Init                             0x08004ad9   Thumb Code   344  gpio.o(.text.MX_GPIO_Init)
    MemManage_Handler                        0x08004c31   Thumb Code     4  stm32h7xx_it.o(.text.MemManage_Handler)
    NMI_Handler                              0x08004c39   Thumb Code     4  stm32h7xx_it.o(.text.NMI_Handler)
    PendSV_Handler                           0x08004cb1   Thumb Code   100  port.o(.text.PendSV_Handler)
    SVC_Handler                              0x080050c1   Thumb Code    36  port.o(.text.SVC_Handler)
    StartDefaultTask                         0x080050f9   Thumb Code    94  freertos.o(.text.StartDefaultTask)
    SysTick_Handler                          0x08005159   Thumb Code    30  cmsis_os2.o(.text.SysTick_Handler)
    SystemClock_Config                       0x08005179   Thumb Code   298  main.o(.text.SystemClock_Config)
    SystemInit                               0x080052a9   Thumb Code   396  system_stm32h7xx.o(.text.SystemInit)
    TIM7_IRQHandler                          0x08005439   Thumb Code    16  stm32h7xx_it.o(.text.TIM7_IRQHandler)
    TIM_Base_SetConfig                       0x08005449   Thumb Code   420  stm32h7xx_hal_tim.o(.text.TIM_Base_SetConfig)
    UsageFault_Handler                       0x080055f1   Thumb Code     4  stm32h7xx_it.o(.text.UsageFault_Handler)
    W9825G6KH_Init                           0x080055f9   Thumb Code   260  w9825g6kh.o(.text.W9825G6KH_Init)
    W9825G6KH_Register                       0x08005701   Thumb Code   206  w9825g6kh.o(.text.W9825G6KH_Register)
    main                                     0x080058e1   Thumb Code   260  main.o(.text.main)
    osDelay                                  0x080059e9   Thumb Code    52  cmsis_os2.o(.text.osDelay)
    osKernelInitialize                       0x08005a21   Thumb Code    70  cmsis_os2.o(.text.osKernelInitialize)
    osKernelStart                            0x08005a69   Thumb Code    82  cmsis_os2.o(.text.osKernelStart)
    osThreadNew                              0x08005ac1   Thumb Code   346  cmsis_os2.o(.text.osThreadNew)
    pvPortMalloc                             0x08006af9   Thumb Code   492  heap_4.o(.text.pvPortMalloc)
    pxPortInitialiseStack                    0x08006ce9   Thumb Code    94  port.o(.text.pxPortInitialiseStack)
    uxListRemove                             0x08006d49   Thumb Code    72  list.o(.text.uxListRemove)
    vApplicationGetIdleTaskMemory            0x08006d91   Thumb Code    42  cmsis_os2.o(.text.vApplicationGetIdleTaskMemory)
    vApplicationGetTimerTaskMemory           0x08006dc1   Thumb Code    44  cmsis_os2.o(.text.vApplicationGetTimerTaskMemory)
    vListInitialise                          0x08006df1   Thumb Code    46  list.o(.text.vListInitialise)
    vListInitialiseItem                      0x08006e21   Thumb Code    14  list.o(.text.vListInitialiseItem)
    vListInsert                              0x08006e31   Thumb Code   106  list.o(.text.vListInsert)
    vListInsertEnd                           0x08006ea1   Thumb Code    58  list.o(.text.vListInsertEnd)
    vPortEnterCritical                       0x08006ef9   Thumb Code    86  port.o(.text.vPortEnterCritical)
    vPortExitCritical                        0x08006f51   Thumb Code    74  port.o(.text.vPortExitCritical)
    vPortFree                                0x08006fa1   Thumb Code   206  heap_4.o(.text.vPortFree)
    vPortSetupTimerInterrupt                 0x08007071   Thumb Code    68  port.o(.text.vPortSetupTimerInterrupt)
    vPortValidateInterruptPriority           0x080070b9   Thumb Code   132  port.o(.text.vPortValidateInterruptPriority)
    vQueueAddToRegistry                      0x08007141   Thumb Code    82  queue.o(.text.vQueueAddToRegistry)
    vQueueWaitForMessageRestricted           0x08007199   Thumb Code   100  queue.o(.text.vQueueWaitForMessageRestricted)
    vTaskDelay                               0x08007201   Thumb Code   110  tasks.o(.text.vTaskDelay)
    vTaskInternalSetTimeOutState             0x08007271   Thumb Code    36  tasks.o(.text.vTaskInternalSetTimeOutState)
    vTaskMissedYield                         0x08007299   Thumb Code    14  tasks.o(.text.vTaskMissedYield)
    vTaskPlaceOnEventList                    0x080072a9   Thumb Code    66  tasks.o(.text.vTaskPlaceOnEventList)
    vTaskPlaceOnEventListRestricted          0x080072f1   Thumb Code    82  tasks.o(.text.vTaskPlaceOnEventListRestricted)
    vTaskStartScheduler                      0x08007349   Thumb Code   224  tasks.o(.text.vTaskStartScheduler)
    vTaskSuspendAll                          0x08007429   Thumb Code    16  tasks.o(.text.vTaskSuspendAll)
    vTaskSwitchContext                       0x08007439   Thumb Code   198  tasks.o(.text.vTaskSwitchContext)
    xPortStartScheduler                      0x08007501   Thumb Code   342  port.o(.text.xPortStartScheduler)
    xPortSysTickHandler                      0x08007659   Thumb Code    60  port.o(.text.xPortSysTickHandler)
    xQueueGenericCreateStatic                0x08007699   Thumb Code   270  queue.o(.text.xQueueGenericCreateStatic)
    xQueueGenericReset                       0x080077a9   Thumb Code   186  queue.o(.text.xQueueGenericReset)
    xQueueGenericSend                        0x08007869   Thumb Code   556  queue.o(.text.xQueueGenericSend)
    xQueueGenericSendFromISR                 0x08007a99   Thumb Code   332  queue.o(.text.xQueueGenericSendFromISR)
    xQueueReceive                            0x08007be9   Thumb Code   476  queue.o(.text.xQueueReceive)
    xTaskCheckForTimeOut                     0x08007dc9   Thumb Code   204  tasks.o(.text.xTaskCheckForTimeOut)
    xTaskCreate                              0x08007e99   Thumb Code   158  tasks.o(.text.xTaskCreate)
    xTaskCreateStatic                        0x08007f39   Thumb Code   206  tasks.o(.text.xTaskCreateStatic)
    xTaskGetSchedulerState                   0x08008009   Thumb Code    56  tasks.o(.text.xTaskGetSchedulerState)
    xTaskGetTickCount                        0x08008041   Thumb Code    20  tasks.o(.text.xTaskGetTickCount)
    xTaskIncrementTick                       0x08008059   Thumb Code   452  tasks.o(.text.xTaskIncrementTick)
    xTaskPriorityDisinherit                  0x08008221   Thumb Code   236  tasks.o(.text.xTaskPriorityDisinherit)
    xTaskRemoveFromEventList                 0x08008311   Thumb Code   206  tasks.o(.text.xTaskRemoveFromEventList)
    xTaskResumeAll                           0x080083e1   Thumb Code   390  tasks.o(.text.xTaskResumeAll)
    xTimerCreateTimerTask                    0x08008569   Thumb Code   148  timers.o(.text.xTimerCreateTimerTask)
    xTimerGenericCommand                     0x08008601   Thumb Code   176  timers.o(.text.xTimerGenericCommand)
    _fp_init                                 0x080086b1   Thumb Code    26  fpinit.o(x$fpl$fpinit)
    __fplib_config_fpu_vfp                   0x080086c9   Thumb Code     0  fpinit.o(x$fpl$fpinit)
    __fplib_config_pureend_doubles           0x080086c9   Thumb Code     0  fpinit.o(x$fpl$fpinit)
    D1CorePrescTable                         0x080086ca   Data          16  system_stm32h7xx.o(.rodata.D1CorePrescTable)
    defaultTask_attributes                   0x080086dc   Data          36  freertos.o(.rodata.defaultTask_attributes)
    Region$$Table$$Base                      0x08008720   Number         0  anon$$obj.o(Region$$Table)
    Region$$Table$$Limit                     0x08008740   Number         0  anon$$obj.o(Region$$Table)
    SystemCoreClock                          0x24000000   Data           4  system_stm32h7xx.o(.data.SystemCoreClock)
    SystemD2Clock                            0x24000004   Data           4  system_stm32h7xx.o(.data.SystemD2Clock)
    uwTickFreq                               0x24000008   Data           1  stm32h7xx_hal.o(.data.uwTickFreq)
    uwTickPrio                               0x2400000c   Data           4  stm32h7xx_hal.o(.data.uwTickPrio)
    __libspace_start                         0x24000018   Data          96  libspace.o(.bss)
    __temporary_stack_top$libspace           0x24000078   Data           0  libspace.o(.bss)
    LCD                                      0x24000080   Data          20  lcd.o(.bss.LCD)
    defaultTaskHandle                        0x24000094   Data           4  freertos.o(.bss.defaultTaskHandle)
    hdma2d                                   0x24000098   Data         104  dma2d.o(.bss.hdma2d)
    hltdc                                    0x24000100   Data         168  ltdc.o(.bss.hltdc)
    htim7                                    0x240001a8   Data          76  stm32h7xx_hal_timebase_tim.o(.bss.htim7)
    pxCurrentTCB                             0x240002e8   Data           4  tasks.o(.bss.pxCurrentTCB)
    uwTick                                   0x24004368   Data           4  stm32h7xx_hal.o(.bss.uwTick)
    w9825g6kh                                0x24004a38   Data           4  freertos.o(.bss.w9825g6kh)
    xQueueRegistry                           0x24004ac4   Data          64  queue.o(.bss.xQueueRegistry)



==============================================================================

Memory Map of the image

  Image Entry point : 0x08000299

  Load Region LR_IROM1 (Base: 0x08000000, Size: 0x00008758, Max: 0x00200000, ABSOLUTE)

    Execution Region ER_IROM1 (Exec base: 0x08000000, Load base: 0x08000000, Size: 0x00008740, Max: 0x00200000, ABSOLUTE)

    Exec Addr    Load Addr    Size         Type   Attr      Idx    E Section Name        Object

    0x08000000   0x08000000   0x00000298   Data   RO            3    RESET               startup_stm32h743xx.o
    0x08000298   0x08000298   0x00000008   Code   RO         3159  * !!!main             c_w.l(__main.o)
    0x080002a0   0x080002a0   0x0000005c   Code   RO         3378    !!!scatter          c_w.l(__scatter.o)
    0x080002fc   0x080002fc   0x0000001a   Code   RO         3382    !!handler_copy      c_w.l(__scatter_copy.o)
    0x08000316   0x08000316   0x00000002   PAD
    0x08000318   0x08000318   0x00000002   Code   RO         3379    !!handler_null      c_w.l(__scatter.o)
    0x0800031a   0x0800031a   0x00000002   PAD
    0x0800031c   0x0800031c   0x0000001c   Code   RO         3384    !!handler_zi        c_w.l(__scatter_zi.o)
    0x08000338   0x08000338   0x00000002   Code   RO         3313    .ARM.Collect$$libinit$$00000000  c_w.l(libinit.o)
    0x0800033a   0x0800033a   0x00000004   Code   RO         3195    .ARM.Collect$$libinit$$00000001  c_w.l(libinit2.o)
    0x0800033e   0x0800033e   0x00000000   Code   RO         3198    .ARM.Collect$$libinit$$00000004  c_w.l(libinit2.o)
    0x0800033e   0x0800033e   0x00000000   Code   RO         3200    .ARM.Collect$$libinit$$00000006  c_w.l(libinit2.o)
    0x0800033e   0x0800033e   0x00000008   Code   RO         3201    .ARM.Collect$$libinit$$00000007  c_w.l(libinit2.o)
    0x08000346   0x08000346   0x00000000   Code   RO         3203    .ARM.Collect$$libinit$$0000000C  c_w.l(libinit2.o)
    0x08000346   0x08000346   0x00000000   Code   RO         3205    .ARM.Collect$$libinit$$0000000E  c_w.l(libinit2.o)
    0x08000346   0x08000346   0x00000000   Code   RO         3207    .ARM.Collect$$libinit$$00000010  c_w.l(libinit2.o)
    0x08000346   0x08000346   0x00000000   Code   RO         3210    .ARM.Collect$$libinit$$00000013  c_w.l(libinit2.o)
    0x08000346   0x08000346   0x00000000   Code   RO         3212    .ARM.Collect$$libinit$$00000015  c_w.l(libinit2.o)
    0x08000346   0x08000346   0x00000000   Code   RO         3214    .ARM.Collect$$libinit$$00000017  c_w.l(libinit2.o)
    0x08000346   0x08000346   0x00000000   Code   RO         3216    .ARM.Collect$$libinit$$00000019  c_w.l(libinit2.o)
    0x08000346   0x08000346   0x00000000   Code   RO         3218    .ARM.Collect$$libinit$$0000001B  c_w.l(libinit2.o)
    0x08000346   0x08000346   0x00000000   Code   RO         3220    .ARM.Collect$$libinit$$0000001D  c_w.l(libinit2.o)
    0x08000346   0x08000346   0x00000000   Code   RO         3222    .ARM.Collect$$libinit$$0000001F  c_w.l(libinit2.o)
    0x08000346   0x08000346   0x00000000   Code   RO         3224    .ARM.Collect$$libinit$$00000021  c_w.l(libinit2.o)
    0x08000346   0x08000346   0x00000000   Code   RO         3226    .ARM.Collect$$libinit$$00000023  c_w.l(libinit2.o)
    0x08000346   0x08000346   0x00000000   Code   RO         3228    .ARM.Collect$$libinit$$00000025  c_w.l(libinit2.o)
    0x08000346   0x08000346   0x00000000   Code   RO         3230    .ARM.Collect$$libinit$$00000027  c_w.l(libinit2.o)
    0x08000346   0x08000346   0x00000000   Code   RO         3234    .ARM.Collect$$libinit$$0000002E  c_w.l(libinit2.o)
    0x08000346   0x08000346   0x00000000   Code   RO         3236    .ARM.Collect$$libinit$$00000030  c_w.l(libinit2.o)
    0x08000346   0x08000346   0x00000000   Code   RO         3238    .ARM.Collect$$libinit$$00000032  c_w.l(libinit2.o)
    0x08000346   0x08000346   0x00000000   Code   RO         3240    .ARM.Collect$$libinit$$00000034  c_w.l(libinit2.o)
    0x08000346   0x08000346   0x00000002   Code   RO         3241    .ARM.Collect$$libinit$$00000035  c_w.l(libinit2.o)
    0x08000348   0x08000348   0x00000002   Code   RO         3375    .ARM.Collect$$libshutdown$$00000000  c_w.l(libshutdown.o)
    0x0800034a   0x0800034a   0x00000000   Code   RO         3331    .ARM.Collect$$libshutdown$$00000002  c_w.l(libshutdown2.o)
    0x0800034a   0x0800034a   0x00000000   Code   RO         3333    .ARM.Collect$$libshutdown$$00000004  c_w.l(libshutdown2.o)
    0x0800034a   0x0800034a   0x00000000   Code   RO         3336    .ARM.Collect$$libshutdown$$00000007  c_w.l(libshutdown2.o)
    0x0800034a   0x0800034a   0x00000000   Code   RO         3339    .ARM.Collect$$libshutdown$$0000000A  c_w.l(libshutdown2.o)
    0x0800034a   0x0800034a   0x00000000   Code   RO         3341    .ARM.Collect$$libshutdown$$0000000C  c_w.l(libshutdown2.o)
    0x0800034a   0x0800034a   0x00000000   Code   RO         3344    .ARM.Collect$$libshutdown$$0000000F  c_w.l(libshutdown2.o)
    0x0800034a   0x0800034a   0x00000002   Code   RO         3345    .ARM.Collect$$libshutdown$$00000010  c_w.l(libshutdown2.o)
    0x0800034c   0x0800034c   0x00000000   Code   RO         3163    .ARM.Collect$$rtentry$$00000000  c_w.l(__rtentry.o)
    0x0800034c   0x0800034c   0x00000000   Code   RO         3250    .ARM.Collect$$rtentry$$00000002  c_w.l(__rtentry2.o)
    0x0800034c   0x0800034c   0x00000006   Code   RO         3262    .ARM.Collect$$rtentry$$00000004  c_w.l(__rtentry4.o)
    0x08000352   0x08000352   0x00000000   Code   RO         3252    .ARM.Collect$$rtentry$$00000009  c_w.l(__rtentry2.o)
    0x08000352   0x08000352   0x00000004   Code   RO         3253    .ARM.Collect$$rtentry$$0000000A  c_w.l(__rtentry2.o)
    0x08000356   0x08000356   0x00000000   Code   RO         3255    .ARM.Collect$$rtentry$$0000000C  c_w.l(__rtentry2.o)
    0x08000356   0x08000356   0x00000008   Code   RO         3256    .ARM.Collect$$rtentry$$0000000D  c_w.l(__rtentry2.o)
    0x0800035e   0x0800035e   0x00000002   Code   RO         3318    .ARM.Collect$$rtexit$$00000000  c_w.l(rtexit.o)
    0x08000360   0x08000360   0x00000000   Code   RO         3351    .ARM.Collect$$rtexit$$00000002  c_w.l(rtexit2.o)
    0x08000360   0x08000360   0x00000004   Code   RO         3352    .ARM.Collect$$rtexit$$00000003  c_w.l(rtexit2.o)
    0x08000364   0x08000364   0x00000006   Code   RO         3353    .ARM.Collect$$rtexit$$00000004  c_w.l(rtexit2.o)
    0x0800036a   0x0800036a   0x00000002   PAD
    0x0800036c   0x0800036c   0x00000048   Code   RO            4    .text               startup_stm32h743xx.o
    0x080003b4   0x080003b4   0x0000005e   Code   RO         3087    .text               c_w.l(h1_alloc.o)
    0x08000412   0x08000412   0x0000004e   Code   RO         3089    .text               c_w.l(h1_free.o)
    0x08000460   0x08000460   0x0000008a   Code   RO         3147    .text               c_w.l(rt_memcpy_v6.o)
    0x080004ea   0x080004ea   0x00000010   Code   RO         3151    .text               c_w.l(aeabi_memset4.o)
    0x080004fa   0x080004fa   0x0000004e   Code   RO         3155    .text               c_w.l(rt_memclr_w.o)
    0x08000548   0x08000548   0x00000006   Code   RO         3157    .text               c_w.l(heapauxi.o)
    0x0800054e   0x0800054e   0x00000002   PAD
    0x08000550   0x08000550   0x00000008   Code   RO         3171    .text               c_w.l(rt_heap_descriptor_intlibspace.o)
    0x08000558   0x08000558   0x00000004   Code   RO         3173    .text               c_w.l(hguard.o)
    0x0800055c   0x0800055c   0x0000008a   Code   RO         3175    .text               c_w.l(init_alloc.o)
    0x080005e6   0x080005e6   0x0000000c   Code   RO         3179    .text               c_w.l(h1_init.o)
    0x080005f2   0x080005f2   0x00000064   Code   RO         3191    .text               c_w.l(rt_memcpy_w.o)
    0x08000656   0x08000656   0x00000002   PAD
    0x08000658   0x08000658   0x00000008   Code   RO         3246    .text               c_w.l(libspace.o)
    0x08000660   0x08000660   0x00000000   Code   RO         3268    .text               c_w.l(maybetermalloc1.o)
    0x08000660   0x08000660   0x00000034   Code   RO         3270    .text               c_w.l(h1_extend.o)
    0x08000694   0x08000694   0x0000000e   Code   RO         3274    .text               c_w.l(defsig_rtmem_outer.o)
    0x080006a2   0x080006a2   0x00000002   Code   RO         3285    .text               c_w.l(use_no_semi.o)
    0x080006a4   0x080006a4   0x00000000   Code   RO         3287    .text               c_w.l(indicate_semi.o)
    0x080006a4   0x080006a4   0x0000004a   Code   RO         3288    .text               c_w.l(sys_stackheap_outer.o)
    0x080006ee   0x080006ee   0x00000012   Code   RO         3294    .text               c_w.l(exit.o)
    0x08000700   0x08000700   0x0000000a   Code   RO         3296    .text               c_w.l(defsig_exit.o)
    0x0800070a   0x0800070a   0x00000002   PAD
    0x0800070c   0x0800070c   0x00000050   Code   RO         3302    .text               c_w.l(defsig_rtmem_inner.o)
    0x0800075c   0x0800075c   0x0000000c   Code   RO         3314    .text               c_w.l(sys_exit.o)
    0x08000768   0x08000768   0x00000032   Code   RO         3326    .text               c_w.l(defsig_general.o)
    0x0800079a   0x0800079a   0x0000000e   Code   RO         3346    .text               c_w.l(sys_wrch.o)
    0x080007a8   0x080007a8   0x00000004   Code   RO          162    .text.BusFault_Handler  stm32h7xx_it.o
    0x080007ac   0x080007ac   0x00000004   PAD
    0x080007b0   0x080007b0   0x00000002   Code   RO          166    .text.DebugMon_Handler  stm32h7xx_it.o
    0x080007b2   0x080007b2   0x00000006   PAD
    0x080007b8   0x080007b8   0x0000000e   Code   RO           17    .text.Error_Handler  main.o
    0x080007c6   0x080007c6   0x00000002   PAD
    0x080007c8   0x080007c8   0x00000028   Code   RO         2359    .text.ExitRun0Mode  system_stm32h7xx.o
    0x080007f0   0x080007f0   0x000000a2   Code   RO         1533    .text.FMC_SDRAM_Init  stm32h7xx_ll_fmc.o
    0x08000892   0x08000892   0x00000006   PAD
    0x08000898   0x08000898   0x00000020   Code   RO         1545    .text.FMC_SDRAM_ProgramRefreshRate  stm32h7xx_ll_fmc.o
    0x080008b8   0x080008b8   0x00000038   Code   RO         1543    .text.FMC_SDRAM_SendCommand  stm32h7xx_ll_fmc.o
    0x080008f0   0x080008f0   0x000000fa   Code   RO         1535    .text.FMC_SDRAM_Timing_Init  stm32h7xx_ll_fmc.o
    0x080009ea   0x080009ea   0x00000006   PAD
    0x080009f0   0x080009f0   0x000000bc   Code   RO         1436    .text.HAL_DMA2D_Init  stm32h7xx_hal_dma2d.o
    0x08000aac   0x08000aac   0x00000004   PAD
    0x08000ab0   0x08000ab0   0x0000003a   Code   RO           54    .text.HAL_DMA2D_MspInit  dma2d.o
    0x08000aea   0x08000aea   0x00000006   PAD
    0x08000af0   0x08000af0   0x00000042   Code   RO         1137    .text.HAL_Delay     stm32h7xx_hal.o
    0x08000b32   0x08000b32   0x00000006   PAD
    0x08000b38   0x08000b38   0x0000014c   Code   RO           70    .text.HAL_FMC_MspInit  fmc.o
    0x08000c84   0x08000c84   0x00000004   PAD
    0x08000c88   0x08000c88   0x000003c4   Code   RO          821    .text.HAL_GPIO_Init  stm32h7xx_hal_gpio.o
    0x0800104c   0x0800104c   0x00000004   PAD
    0x08001050   0x08001050   0x0000002e   Code   RO          827    .text.HAL_GPIO_WritePin  stm32h7xx_hal_gpio.o
    0x0800107e   0x0800107e   0x00000002   PAD
    0x08001080   0x08001080   0x0000000e   Code   RO         1145    .text.HAL_GetREVID  stm32h7xx_hal.o
    0x0800108e   0x0800108e   0x00000002   PAD
    0x08001090   0x08001090   0x0000000c   Code   RO         1129    .text.HAL_GetTick   stm32h7xx_hal.o
    0x0800109c   0x0800109c   0x00000004   PAD
    0x080010a0   0x080010a0   0x0000001a   Code   RO         1127    .text.HAL_IncTick   stm32h7xx_hal.o
    0x080010ba   0x080010ba   0x00000006   PAD
    0x080010c0   0x080010c0   0x0000007a   Code   RO         1117    .text.HAL_Init      stm32h7xx_hal.o
    0x0800113a   0x0800113a   0x00000006   PAD
    0x08001140   0x08001140   0x000000dc   Code   RO          185    .text.HAL_InitTick  stm32h7xx_hal_timebase_tim.o
    0x0800121c   0x0800121c   0x00000004   PAD
    0x08001220   0x08001220   0x000000bc   Code   RO         1636    .text.HAL_LTDC_ConfigLayer  stm32h7xx_hal_ltdc.o
    0x080012dc   0x080012dc   0x00000004   PAD
    0x080012e0   0x080012e0   0x0000011a   Code   RO         1620    .text.HAL_LTDC_Init  stm32h7xx_hal_ltdc.o
    0x080013fa   0x080013fa   0x00000006   PAD
    0x08001400   0x08001400   0x000002a4   Code   RO           88    .text.HAL_LTDC_MspInit  ltdc.o
    0x080016a4   0x080016a4   0x00000004   PAD
    0x080016a8   0x080016a8   0x00000080   Code   RO          583    .text.HAL_MPU_ConfigRegion  stm32h7xx_hal_cortex.o
    0x08001728   0x08001728   0x00000022   Code   RO          575    .text.HAL_MPU_Disable  stm32h7xx_hal_cortex.o
    0x0800174a   0x0800174a   0x00000006   PAD
    0x08001750   0x08001750   0x00000030   Code   RO          577    .text.HAL_MPU_Enable  stm32h7xx_hal_cortex.o
    0x08001780   0x08001780   0x00000032   Code   RO          177    .text.HAL_MspInit   stm32h7xx_hal_msp.o
    0x080017b2   0x080017b2   0x00000006   PAD
    0x080017b8   0x080017b8   0x00000014   Code   RO          559    .text.HAL_NVIC_EnableIRQ  stm32h7xx_hal_cortex.o
    0x080017cc   0x080017cc   0x00000004   PAD
    0x080017d0   0x080017d0   0x0000002e   Code   RO          551    .text.HAL_NVIC_SetPriority  stm32h7xx_hal_cortex.o
    0x080017fe   0x080017fe   0x00000002   PAD
    0x08001800   0x08001800   0x00000010   Code   RO          547    .text.HAL_NVIC_SetPriorityGrouping  stm32h7xx_hal_cortex.o
    0x08001810   0x08001810   0x000000a2   Code   RO         1030    .text.HAL_PWREx_ConfigSupply  stm32h7xx_hal_pwr_ex.o
    0x080018b2   0x080018b2   0x00000006   PAD
    0x080018b8   0x080018b8   0x00000012   Code   RO          991    .text.HAL_PWR_EnableBkUpAccess  stm32h7xx_hal_pwr.o
    0x080018ca   0x080018ca   0x00000006   PAD
    0x080018d0   0x080018d0   0x000010a0   Code   RO          659    .text.HAL_RCCEx_PeriphCLKConfig  stm32h7xx_hal_rcc_ex.o
    0x08002970   0x08002970   0x00000498   Code   RO          628    .text.HAL_RCC_ClockConfig  stm32h7xx_hal_rcc.o
    0x08002e08   0x08002e08   0x00000088   Code   RO          646    .text.HAL_RCC_GetClockConfig  stm32h7xx_hal_rcc.o
    0x08002e90   0x08002e90   0x00000056   Code   RO          638    .text.HAL_RCC_GetHCLKFreq  stm32h7xx_hal_rcc.o
    0x08002ee6   0x08002ee6   0x00000002   PAD
    0x08002ee8   0x08002ee8   0x00000026   Code   RO          640    .text.HAL_RCC_GetPCLK1Freq  stm32h7xx_hal_rcc.o
    0x08002f0e   0x08002f0e   0x00000002   PAD
    0x08002f10   0x08002f10   0x000002fc   Code   RO          630    .text.HAL_RCC_GetSysClockFreq  stm32h7xx_hal_rcc.o
    0x0800320c   0x0800320c   0x00000004   PAD
    0x08003210   0x08003210   0x00000b58   Code   RO          626    .text.HAL_RCC_OscConfig  stm32h7xx_hal_rcc.o
    0x08003d68   0x08003d68   0x00000076   Code   RO         1561    .text.HAL_SDRAM_Init  stm32h7xx_hal_sdram.o
    0x08003dde   0x08003dde   0x00000002   PAD
    0x08003de0   0x08003de0   0x0000000e   Code   RO           68    .text.HAL_SDRAM_MspInit  fmc.o
    0x08003dee   0x08003dee   0x00000002   PAD
    0x08003df0   0x08003df0   0x0000005e   Code   RO         1605    .text.HAL_SDRAM_ProgramRefreshRate  stm32h7xx_hal_sdram.o
    0x08003e4e   0x08003e4e   0x00000002   PAD
    0x08003e50   0x08003e50   0x00000088   Code   RO         1603    .text.HAL_SDRAM_SendCommand  stm32h7xx_hal_sdram.o
    0x08003ed8   0x08003ed8   0x00000008   Code   RO          534    .text.HAL_TIMEx_Break2Callback  stm32h7xx_hal_tim_ex.o
    0x08003ee0   0x08003ee0   0x00000008   Code   RO          532    .text.HAL_TIMEx_BreakCallback  stm32h7xx_hal_tim_ex.o
    0x08003ee8   0x08003ee8   0x00000008   Code   RO          528    .text.HAL_TIMEx_CommutCallback  stm32h7xx_hal_tim_ex.o
    0x08003ef0   0x08003ef0   0x000000a8   Code   RO          199    .text.HAL_TIM_Base_Init  stm32h7xx_hal_tim.o
    0x08003f98   0x08003f98   0x00000008   Code   RO          201    .text.HAL_TIM_Base_MspInit  stm32h7xx_hal_tim.o
    0x08003fa0   0x08003fa0   0x00000104   Code   RO          213    .text.HAL_TIM_Base_Start_IT  stm32h7xx_hal_tim.o
    0x080040a4   0x080040a4   0x00000004   PAD
    0x080040a8   0x080040a8   0x00000008   Code   RO          335    .text.HAL_TIM_IC_CaptureCallback  stm32h7xx_hal_tim.o
    0x080040b0   0x080040b0   0x00000250   Code   RO          333    .text.HAL_TIM_IRQHandler  stm32h7xx_hal_tim.o
    0x08004300   0x08004300   0x00000008   Code   RO          337    .text.HAL_TIM_OC_DelayElapsedCallback  stm32h7xx_hal_tim.o
    0x08004308   0x08004308   0x00000008   Code   RO          339    .text.HAL_TIM_PWM_PulseFinishedCallback  stm32h7xx_hal_tim.o
    0x08004310   0x08004310   0x00000022   Code   RO           19    .text.HAL_TIM_PeriodElapsedCallback  main.o
    0x08004332   0x08004332   0x00000006   PAD
    0x08004338   0x08004338   0x00000008   Code   RO          343    .text.HAL_TIM_TriggerCallback  stm32h7xx_hal_tim.o
    0x08004340   0x08004340   0x00000004   Code   RO          158    .text.HardFault_Handler  stm32h7xx_it.o
    0x08004344   0x08004344   0x00000004   PAD
    0x08004348   0x08004348   0x0000009a   Code   RO         3051    .text.LCD_Clear     lcd.o
    0x080043e2   0x080043e2   0x00000006   PAD
    0x080043e8   0x080043e8   0x00000018   Code   RO         3043    .text.LCD_DisplayDirection  lcd.o
    0x08004400   0x08004400   0x0000010c   Code   RO         3041    .text.LCD_Init      lcd.o
    0x0800450c   0x0800450c   0x00000004   PAD
    0x08004510   0x08004510   0x00000148   Code   RO         3047    .text.LCD_SetBackColor  lcd.o
    0x08004658   0x08004658   0x00000148   Code   RO         3049    .text.LCD_SetColor  lcd.o
    0x080047a0   0x080047a0   0x00000022   Code   RO         3045    .text.LCD_SetLayer  lcd.o
    0x080047c2   0x080047c2   0x00000006   PAD
    0x080047c8   0x080047c8   0x0000024a   Code   RO         1638    .text.LTDC_SetConfig  stm32h7xx_hal_ltdc.o
    0x08004a12   0x08004a12   0x00000006   PAD
    0x08004a18   0x08004a18   0x0000005c   Code   RO           13    .text.MPU_Config    main.o
    0x08004a74   0x08004a74   0x00000004   PAD
    0x08004a78   0x08004a78   0x00000032   Code   RO           52    .text.MX_DMA2D_Init  dma2d.o
    0x08004aaa   0x08004aaa   0x00000006   PAD
    0x08004ab0   0x08004ab0   0x00000024   Code   RO           37    .text.MX_FREERTOS_Init  freertos.o
    0x08004ad4   0x08004ad4   0x00000004   PAD
    0x08004ad8   0x08004ad8   0x00000158   Code   RO           29    .text.MX_GPIO_Init  gpio.o
    0x08004c30   0x08004c30   0x00000004   Code   RO          160    .text.MemManage_Handler  stm32h7xx_it.o
    0x08004c34   0x08004c34   0x00000004   PAD
    0x08004c38   0x08004c38   0x00000004   Code   RO          156    .text.NMI_Handler   stm32h7xx_it.o
    0x08004c3c   0x08004c3c   0x00000004   PAD
    0x08004c40   0x08004c40   0x0000006c   Code   RO          557    .text.NVIC_EncodePriority  stm32h7xx_hal_cortex.o
    0x08004cac   0x08004cac   0x00000004   PAD
    0x08004cb0   0x08004cb0   0x00000064   Code   RO         3025    .text.PendSV_Handler  port.o
    0x08004d14   0x08004d14   0x00000004   PAD
    0x08004d18   0x08004d18   0x000001ca   Code   RO          661    .text.RCCEx_PLL2_Config  stm32h7xx_hal_rcc_ex.o
    0x08004ee2   0x08004ee2   0x00000006   PAD
    0x08004ee8   0x08004ee8   0x000001ca   Code   RO          663    .text.RCCEx_PLL3_Config  stm32h7xx_hal_rcc_ex.o
    0x080050b2   0x080050b2   0x0000000e   PAD
    0x080050c0   0x080050c0   0x00000024   Code   RO         3009    .text.SVC_Handler   port.o
    0x080050e4   0x080050e4   0x00000004   PAD
    0x080050e8   0x080050e8   0x0000000e   Code   RO         2805    .text.SVC_Setup     cmsis_os2.o
    0x080050f6   0x080050f6   0x00000002   PAD
    0x080050f8   0x080050f8   0x0000005e   Code   RO           39    .text.StartDefaultTask  freertos.o
    0x08005156   0x08005156   0x00000002   PAD
    0x08005158   0x08005158   0x0000001e   Code   RO         2795    .text.SysTick_Handler  cmsis_os2.o
    0x08005176   0x08005176   0x00000002   PAD
    0x08005178   0x08005178   0x0000012a   Code   RO           15    .text.SystemClock_Config  main.o
    0x080052a2   0x080052a2   0x00000006   PAD
    0x080052a8   0x080052a8   0x0000018c   Code   RO         2355    .text.SystemInit    system_stm32h7xx.o
    0x08005434   0x08005434   0x00000004   PAD
    0x08005438   0x08005438   0x00000010   Code   RO          168    .text.TIM7_IRQHandler  stm32h7xx_it.o
    0x08005448   0x08005448   0x000001a4   Code   RO          203    .text.TIM_Base_SetConfig  stm32h7xx_hal_tim.o
    0x080055ec   0x080055ec   0x00000004   PAD
    0x080055f0   0x080055f0   0x00000004   Code   RO          164    .text.UsageFault_Handler  stm32h7xx_it.o
    0x080055f4   0x080055f4   0x00000004   PAD
    0x080055f8   0x080055f8   0x00000104   Code   RO         3073    .text.W9825G6KH_Init  w9825g6kh.o
    0x080056fc   0x080056fc   0x00000004   PAD
    0x08005700   0x08005700   0x000000ce   Code   RO         3071    .text.W9825G6KH_Register  w9825g6kh.o
    0x080057ce   0x080057ce   0x00000002   PAD
    0x080057d0   0x080057d0   0x00000030   Code   RO          561    .text.__NVIC_EnableIRQ  stm32h7xx_hal_cortex.o
    0x08005800   0x08005800   0x00000010   Code   RO          553    .text.__NVIC_GetPriorityGrouping  stm32h7xx_hal_cortex.o
    0x08005810   0x08005810   0x00000042   Code   RO          555    .text.__NVIC_SetPriority  stm32h7xx_hal_cortex.o
    0x08005852   0x08005852   0x00000006   PAD
    0x08005858   0x08005858   0x00000042   Code   RO         2959    .text.__NVIC_SetPriority  cmsis_os2.o
    0x0800589a   0x0800589a   0x00000006   PAD
    0x080058a0   0x080058a0   0x0000003c   Code   RO          549    .text.__NVIC_SetPriorityGrouping  stm32h7xx_hal_cortex.o
    0x080058dc   0x080058dc   0x00000004   PAD
    0x080058e0   0x080058e0   0x00000104   Code   RO           11    .text.main          main.o
    0x080059e4   0x080059e4   0x00000004   PAD
    0x080059e8   0x080059e8   0x00000034   Code   RO         2863    .text.osDelay       cmsis_os2.o
    0x08005a1c   0x08005a1c   0x00000004   PAD
    0x08005a20   0x08005a20   0x00000046   Code   RO         2797    .text.osKernelInitialize  cmsis_os2.o
    0x08005a66   0x08005a66   0x00000002   PAD
    0x08005a68   0x08005a68   0x00000052   Code   RO         2803    .text.osKernelStart  cmsis_os2.o
    0x08005aba   0x08005aba   0x00000006   PAD
    0x08005ac0   0x08005ac0   0x0000015a   Code   RO         2827    .text.osThreadNew   cmsis_os2.o
    0x08005c1a   0x08005c1a   0x00000006   PAD
    0x08005c20   0x08005c20   0x000000d4   Code   RO         2589    .text.prvAddCurrentTaskToDelayedList  tasks.o
    0x08005cf4   0x08005cf4   0x00000004   PAD
    0x08005cf8   0x08005cf8   0x00000122   Code   RO         2575    .text.prvAddNewTaskToReadyList  tasks.o
    0x08005e1a   0x08005e1a   0x00000006   PAD
    0x08005e20   0x08005e20   0x000000a2   Code   RO         2726    .text.prvCheckForValidListAndQueue  timers.o
    0x08005ec2   0x08005ec2   0x00000006   PAD
    0x08005ec8   0x08005ec8   0x0000005a   Code   RO         2693    .text.prvCheckTasksWaitingTermination  tasks.o
    0x08005f22   0x08005f22   0x00000006   PAD
    0x08005f28   0x08005f28   0x00000042   Code   RO         2468    .text.prvCopyDataFromQueue  queue.o
    0x08005f6a   0x08005f6a   0x00000006   PAD
    0x08005f70   0x08005f70   0x000000cc   Code   RO         2456    .text.prvCopyDataToQueue  queue.o
    0x0800603c   0x0800603c   0x00000004   PAD
    0x08006040   0x08006040   0x0000005e   Code   RO         2581    .text.prvDeleteTCB  tasks.o
    0x0800609e   0x0800609e   0x00000002   PAD
    0x080060a0   0x080060a0   0x00000040   Code   RO         2764    .text.prvGetNextExpireTime  timers.o
    0x080060e0   0x080060e0   0x000000bc   Code   RO         2976    .text.prvHeapInit   heap_4.o
    0x0800619c   0x0800619c   0x00000004   PAD
    0x080061a0   0x080061a0   0x00000038   Code   RO         2615    .text.prvIdleTask   tasks.o
    0x080061d8   0x080061d8   0x00000048   Code   RO         2430    .text.prvInitialiseNewQueue  queue.o
    0x08006220   0x08006220   0x00000122   Code   RO         2573    .text.prvInitialiseNewTask  tasks.o
    0x08006342   0x08006342   0x00000006   PAD
    0x08006348   0x08006348   0x0000008e   Code   RO         2691    .text.prvInitialiseTaskLists  tasks.o
    0x080063d6   0x080063d6   0x00000002   PAD
    0x080063d8   0x080063d8   0x000000c6   Code   RO         2978    .text.prvInsertBlockIntoFreeList  heap_4.o
    0x0800649e   0x0800649e   0x00000002   PAD
    0x080064a0   0x080064a0   0x00000086   Code   RO         2776    .text.prvInsertTimerInActiveList  timers.o
    0x08006526   0x08006526   0x00000002   PAD
    0x08006528   0x08006528   0x00000028   Code   RO         2470    .text.prvIsQueueEmpty  queue.o
    0x08006550   0x08006550   0x0000002e   Code   RO         2458    .text.prvIsQueueFull  queue.o
    0x0800657e   0x0800657e   0x00000002   PAD
    0x08006580   0x08006580   0x00000028   Code   RO         3017    .text.prvPortStartFirstTask  port.o
    0x080065a8   0x080065a8   0x0000008e   Code   RO         2772    .text.prvProcessExpiredTimer  timers.o
    0x08006636   0x08006636   0x00000002   PAD
    0x08006638   0x08006638   0x00000192   Code   RO         2768    .text.prvProcessReceivedCommands  timers.o
    0x080067ca   0x080067ca   0x00000006   PAD
    0x080067d0   0x080067d0   0x0000009a   Code   RO         2766    .text.prvProcessTimerOrBlockTask  timers.o
    0x0800686a   0x0800686a   0x00000006   PAD
    0x08006870   0x08006870   0x00000046   Code   RO         2583    .text.prvResetNextTaskUnblockTime  tasks.o
    0x080068b6   0x080068b6   0x00000002   PAD
    0x080068b8   0x080068b8   0x00000044   Code   RO         2770    .text.prvSampleTimeNow  timers.o
    0x080068fc   0x080068fc   0x00000004   PAD
    0x08006900   0x08006900   0x000000d4   Code   RO         2774    .text.prvSwitchTimerLists  timers.o
    0x080069d4   0x080069d4   0x00000004   PAD
    0x080069d8   0x080069d8   0x0000004c   Code   RO         3007    .text.prvTaskExitError  port.o
    0x08006a24   0x08006a24   0x00000004   PAD
    0x08006a28   0x08006a28   0x0000001e   Code   RO         2728    .text.prvTimerTask  timers.o
    0x08006a46   0x08006a46   0x00000002   PAD
    0x08006a48   0x08006a48   0x000000ae   Code   RO         2460    .text.prvUnlockQueue  queue.o
    0x08006af6   0x08006af6   0x00000002   PAD
    0x08006af8   0x08006af8   0x000001ec   Code   RO         2974    .text.pvPortMalloc  heap_4.o
    0x08006ce4   0x08006ce4   0x00000004   PAD
    0x08006ce8   0x08006ce8   0x0000005e   Code   RO         3005    .text.pxPortInitialiseStack  port.o
    0x08006d46   0x08006d46   0x00000002   PAD
    0x08006d48   0x08006d48   0x00000048   Code   RO         2417    .text.uxListRemove  list.o
    0x08006d90   0x08006d90   0x0000002a   Code   RO         2955    .text.vApplicationGetIdleTaskMemory  cmsis_os2.o
    0x08006dba   0x08006dba   0x00000006   PAD
    0x08006dc0   0x08006dc0   0x0000002c   Code   RO         2957    .text.vApplicationGetTimerTaskMemory  cmsis_os2.o
    0x08006dec   0x08006dec   0x00000004   PAD
    0x08006df0   0x08006df0   0x0000002e   Code   RO         2409    .text.vListInitialise  list.o
    0x08006e1e   0x08006e1e   0x00000002   PAD
    0x08006e20   0x08006e20   0x0000000e   Code   RO         2411    .text.vListInitialiseItem  list.o
    0x08006e2e   0x08006e2e   0x00000002   PAD
    0x08006e30   0x08006e30   0x0000006a   Code   RO         2415    .text.vListInsert   list.o
    0x08006e9a   0x08006e9a   0x00000006   PAD
    0x08006ea0   0x08006ea0   0x0000003a   Code   RO         2413    .text.vListInsertEnd  list.o
    0x08006eda   0x08006eda   0x00000006   PAD
    0x08006ee0   0x08006ee0   0x00000014   Code   RO         3015    .text.vPortEnableVFP  port.o
    0x08006ef4   0x08006ef4   0x00000004   PAD
    0x08006ef8   0x08006ef8   0x00000056   Code   RO         3021    .text.vPortEnterCritical  port.o
    0x08006f4e   0x08006f4e   0x00000002   PAD
    0x08006f50   0x08006f50   0x0000004a   Code   RO         3023    .text.vPortExitCritical  port.o
    0x08006f9a   0x08006f9a   0x00000006   PAD
    0x08006fa0   0x08006fa0   0x000000ce   Code   RO         2980    .text.vPortFree     heap_4.o
    0x0800706e   0x0800706e   0x00000002   PAD
    0x08007070   0x08007070   0x00000044   Code   RO         3013    .text.vPortSetupTimerInterrupt  port.o
    0x080070b4   0x080070b4   0x00000004   PAD
    0x080070b8   0x080070b8   0x00000084   Code   RO         3029    .text.vPortValidateInterruptPriority  port.o
    0x0800713c   0x0800713c   0x00000004   PAD
    0x08007140   0x08007140   0x00000052   Code   RO         2500    .text.vQueueAddToRegistry  queue.o
    0x08007192   0x08007192   0x00000006   PAD
    0x08007198   0x08007198   0x00000064   Code   RO         2504    .text.vQueueWaitForMessageRestricted  queue.o
    0x080071fc   0x080071fc   0x00000004   PAD
    0x08007200   0x08007200   0x0000006e   Code   RO         2593    .text.vTaskDelay    tasks.o
    0x0800726e   0x0800726e   0x00000002   PAD
    0x08007270   0x08007270   0x00000024   Code   RO         2647    .text.vTaskInternalSetTimeOutState  tasks.o
    0x08007294   0x08007294   0x00000004   PAD
    0x08007298   0x08007298   0x0000000e   Code   RO         2651    .text.vTaskMissedYield  tasks.o
    0x080072a6   0x080072a6   0x00000002   PAD
    0x080072a8   0x080072a8   0x00000042   Code   RO         2635    .text.vTaskPlaceOnEventList  tasks.o
    0x080072ea   0x080072ea   0x00000006   PAD
    0x080072f0   0x080072f0   0x00000052   Code   RO         2639    .text.vTaskPlaceOnEventListRestricted  tasks.o
    0x08007342   0x08007342   0x00000006   PAD
    0x08007348   0x08007348   0x000000e0   Code   RO         2613    .text.vTaskStartScheduler  tasks.o
    0x08007428   0x08007428   0x00000010   Code   RO         2587    .text.vTaskSuspendAll  tasks.o
    0x08007438   0x08007438   0x000000c6   Code   RO         2605    .text.vTaskSwitchContext  tasks.o
    0x080074fe   0x080074fe   0x00000002   PAD
    0x08007500   0x08007500   0x00000156   Code   RO         3011    .text.xPortStartScheduler  port.o
    0x08007656   0x08007656   0x00000002   PAD
    0x08007658   0x08007658   0x0000003c   Code   RO         3027    .text.xPortSysTickHandler  port.o
    0x08007694   0x08007694   0x00000004   PAD
    0x08007698   0x08007698   0x0000010e   Code   RO         2428    .text.xQueueGenericCreateStatic  queue.o
    0x080077a6   0x080077a6   0x00000002   PAD
    0x080077a8   0x080077a8   0x000000ba   Code   RO         2426    .text.xQueueGenericReset  queue.o
    0x08007862   0x08007862   0x00000006   PAD
    0x08007868   0x08007868   0x0000022c   Code   RO         2446    .text.xQueueGenericSend  queue.o
    0x08007a94   0x08007a94   0x00000004   PAD
    0x08007a98   0x08007a98   0x0000014c   Code   RO         2462    .text.xQueueGenericSendFromISR  queue.o
    0x08007be4   0x08007be4   0x00000004   PAD
    0x08007be8   0x08007be8   0x000001dc   Code   RO         2466    .text.xQueueReceive  queue.o
    0x08007dc4   0x08007dc4   0x00000004   PAD
    0x08007dc8   0x08007dc8   0x000000cc   Code   RO         2649    .text.xTaskCheckForTimeOut  tasks.o
    0x08007e94   0x08007e94   0x00000004   PAD
    0x08007e98   0x08007e98   0x0000009e   Code   RO         2577    .text.xTaskCreate   tasks.o
    0x08007f36   0x08007f36   0x00000002   PAD
    0x08007f38   0x08007f38   0x000000ce   Code   RO         2571    .text.xTaskCreateStatic  tasks.o
    0x08008006   0x08008006   0x00000002   PAD
    0x08008008   0x08008008   0x00000038   Code   RO         2665    .text.xTaskGetSchedulerState  tasks.o
    0x08008040   0x08008040   0x00000014   Code   RO         2621    .text.xTaskGetTickCount  tasks.o
    0x08008054   0x08008054   0x00000004   PAD
    0x08008058   0x08008058   0x000001c4   Code   RO         2619    .text.xTaskIncrementTick  tasks.o
    0x0800821c   0x0800821c   0x00000004   PAD
    0x08008220   0x08008220   0x000000ec   Code   RO         2669    .text.xTaskPriorityDisinherit  tasks.o
    0x0800830c   0x0800830c   0x00000004   PAD
    0x08008310   0x08008310   0x000000ce   Code   RO         2641    .text.xTaskRemoveFromEventList  tasks.o
    0x080083de   0x080083de   0x00000002   PAD
    0x080083e0   0x080083e0   0x00000186   Code   RO         2591    .text.xTaskResumeAll  tasks.o
    0x08008566   0x08008566   0x00000002   PAD
    0x08008568   0x08008568   0x00000094   Code   RO         2724    .text.xTimerCreateTimerTask  timers.o
    0x080085fc   0x080085fc   0x00000004   PAD
    0x08008600   0x08008600   0x000000b0   Code   RO         2736    .text.xTimerGenericCommand  timers.o
    0x080086b0   0x080086b0   0x0000001a   Code   RO         3283    x$fpl$fpinit        fz_wv.l(fpinit.o)
    0x080086ca   0x080086ca   0x00000010   Data   RO         2363    .rodata.D1CorePrescTable  system_stm32h7xx.o
    0x080086da   0x080086da   0x00000002   PAD
    0x080086dc   0x080086dc   0x00000024   Data   RO           42    .rodata.defaultTask_attributes  freertos.o
    0x08008700   0x08008700   0x0000000c   Data   RO           41    .rodata.str1.1      freertos.o
    0x0800870c   0x0800870c   0x00000005   Data   RO         2709    .rodata.str1.1      tasks.o
    0x08008711   0x08008711   0x0000000d   Data   RO         2779    .rodata.str1.1      timers.o
    0x0800871e   0x0800871e   0x00000002   PAD
    0x08008720   0x08008720   0x00000020   Data   RO         3377    Region$$Table       anon$$obj.o


    Execution Region RW_IRAM1 (Exec base: 0x20000000, Load base: 0x08008740, Size: 0x00000000, Max: 0x00020000, ABSOLUTE)

    **** No section assigned to this execution region ****


    Execution Region RW_IRAM2 (Exec base: 0x24000000, Load base: 0x08008740, Size: 0x00007b48, Max: 0x00080000, ABSOLUTE)

    Exec Addr    Load Addr    Size         Type   Attr      Idx    E Section Name        Object

    0x24000000   0x08008740   0x00000004   Data   RW         2361    .data.SystemCoreClock  system_stm32h7xx.o
    0x24000004   0x08008744   0x00000004   Data   RW         2362    .data.SystemD2Clock  system_stm32h7xx.o
    0x24000008   0x08008748   0x00000001   Data   RW         1214    .data.uwTickFreq    stm32h7xx_hal.o
    0x24000009   0x08008749   0x00000003   PAD
    0x2400000c   0x0800874c   0x00000004   Data   RW         1213    .data.uwTickPrio    stm32h7xx_hal.o
    0x24000010   0x08008750   0x00000004   Data   RW         3033    .data.uxCriticalNesting  port.o
    0x24000014   0x08008754   0x00000004   PAD
    0x24000018        -       0x00000060   Zero   RW         3247    .bss                c_w.l(libspace.o)
    0x24000078        -       0x00000004   Zero   RW           77    .bss.FMC_Initialized  fmc.o
    0x2400007c        -       0x00000004   Zero   RW         2961    .bss.KernelState    cmsis_os2.o
    0x24000080        -       0x00000014   Zero   RW         3063    .bss.LCD            lcd.o
    0x24000094        -       0x00000004   Zero   RW           43    .bss.defaultTaskHandle  freertos.o
    0x24000098        -       0x00000068   Zero   RW           58    .bss.hdma2d         dma2d.o
    0x24000100        -       0x000000a8   Zero   RW           92    .bss.hltdc          ltdc.o
    0x240001a8        -       0x0000004c   Zero   RW          191    .bss.htim7          stm32h7xx_hal_timebase_tim.o
    0x240001f4        -       0x000000a0   Zero   RW         2787    .bss.prvCheckForValidListAndQueue.ucStaticTimerQueueStorage  timers.o
    0x24000294        -       0x00000050   Zero   RW         2786    .bss.prvCheckForValidListAndQueue.xStaticTimerQueue  timers.o
    0x240002e4        -       0x00000004   Zero   RW         2783    .bss.prvSampleTimeNow.xLastTime  timers.o
    0x240002e8        -       0x00000004   Zero   RW         2695    .bss.pxCurrentTCB   tasks.o
    0x240002ec        -       0x00000004   Zero   RW         2781    .bss.pxCurrentTimerList  timers.o
    0x240002f0        -       0x00000004   Zero   RW         2703    .bss.pxDelayedTaskList  tasks.o
    0x240002f4        -       0x00000004   Zero   RW         2990    .bss.pxEnd          heap_4.o
    0x240002f8        -       0x00000004   Zero   RW         2704    .bss.pxOverflowDelayedTaskList  tasks.o
    0x240002fc        -       0x00000004   Zero   RW         2782    .bss.pxOverflowTimerList  timers.o
    0x24000300        -       0x00000460   Zero   RW         2706    .bss.pxReadyTasksLists  tasks.o
    0x24000760        -       0x00003c00   Zero   RW         2997    .bss.ucHeap         heap_4.o
    0x24004360        -       0x00000001   Zero   RW         3031    .bss.ucMaxSysCallPriority  port.o
    0x24004361   0x08008754   0x00000003   PAD
    0x24004364        -       0x00000004   Zero   RW         3032    .bss.ulMaxPRIGROUPValue  port.o
    0x24004368        -       0x00000004   Zero   RW         1215    .bss.uwTick         stm32h7xx_hal.o
    0x2400436c        -       0x00000004   Zero   RW         2699    .bss.uxCurrentNumberOfTasks  tasks.o
    0x24004370        -       0x00000004   Zero   RW         2698    .bss.uxDeletedTasksWaitingCleanUp  tasks.o
    0x24004374        -       0x00000004   Zero   RW         2701    .bss.uxSchedulerSuspended  tasks.o
    0x24004378        -       0x00000004   Zero   RW         2696    .bss.uxTaskNumber   tasks.o
    0x2400437c        -       0x00000004   Zero   RW         2707    .bss.uxTopReadyPriority  tasks.o
    0x24004380        -       0x00000200   Zero   RW         2964    .bss.vApplicationGetIdleTaskMemory.Idle_Stack  cmsis_os2.o
    0x24004580        -       0x0000005c   Zero   RW         2963    .bss.vApplicationGetIdleTaskMemory.Idle_TCB  cmsis_os2.o
    0x240045dc        -       0x00000400   Zero   RW         2966    .bss.vApplicationGetTimerTaskMemory.Timer_Stack  cmsis_os2.o
    0x240049dc        -       0x0000005c   Zero   RW         2965    .bss.vApplicationGetTimerTaskMemory.Timer_TCB  cmsis_os2.o
    0x24004a38        -       0x00000004   Zero   RW           44    .bss.w9825g6kh      freertos.o
    0x24004a3c        -       0x00000014   Zero   RW         2784    .bss.xActiveTimerList1  timers.o
    0x24004a50        -       0x00000014   Zero   RW         2785    .bss.xActiveTimerList2  timers.o
    0x24004a64        -       0x00000004   Zero   RW         2991    .bss.xBlockAllocatedBit  heap_4.o
    0x24004a68        -       0x00000014   Zero   RW         2715    .bss.xDelayedTaskList1  tasks.o
    0x24004a7c        -       0x00000014   Zero   RW         2716    .bss.xDelayedTaskList2  tasks.o
    0x24004a90        -       0x00000004   Zero   RW         2992    .bss.xFreeBytesRemaining  heap_4.o
    0x24004a94        -       0x00000004   Zero   RW         2710    .bss.xIdleTaskHandle  tasks.o
    0x24004a98        -       0x00000004   Zero   RW         2994    .bss.xMinimumEverFreeBytesRemaining  heap_4.o
    0x24004a9c        -       0x00000004   Zero   RW         2711    .bss.xNextTaskUnblockTime  tasks.o
    0x24004aa0        -       0x00000004   Zero   RW         2714    .bss.xNumOfOverflows  tasks.o
    0x24004aa4        -       0x00000004   Zero   RW         2995    .bss.xNumberOfSuccessfulAllocations  heap_4.o
    0x24004aa8        -       0x00000004   Zero   RW         2996    .bss.xNumberOfSuccessfulFrees  heap_4.o
    0x24004aac        -       0x00000004   Zero   RW         2713    .bss.xPendedTicks   tasks.o
    0x24004ab0        -       0x00000014   Zero   RW         2708    .bss.xPendingReadyList  tasks.o
    0x24004ac4        -       0x00000040   Zero   RW         2506    .bss.xQueueRegistry  queue.o
    0x24004b04        -       0x00000004   Zero   RW         2700    .bss.xSchedulerRunning  tasks.o
    0x24004b08        -       0x00000008   Zero   RW         2993    .bss.xStart         heap_4.o
    0x24004b10        -       0x00000014   Zero   RW         2705    .bss.xSuspendedTaskList  tasks.o
    0x24004b24        -       0x00000014   Zero   RW         2697    .bss.xTasksWaitingTermination  tasks.o
    0x24004b38        -       0x00000004   Zero   RW         2702    .bss.xTickCount     tasks.o
    0x24004b3c        -       0x00000004   Zero   RW         2778    .bss.xTimerQueue    timers.o
    0x24004b40        -       0x00000004   Zero   RW         2780    .bss.xTimerTaskHandle  timers.o
    0x24004b44        -       0x00000004   Zero   RW         2712    .bss.xYieldPending  tasks.o
    0x24004b48        -       0x00002000   Zero   RW            2    HEAP                startup_stm32h743xx.o
    0x24006b48        -       0x00001000   Zero   RW            1    STACK               startup_stm32h743xx.o


==============================================================================

Image component sizes


      Code (inc. data)   RO Data    RW Data    ZI Data      Debug   Object Name

       746          0          0          0       1724      36605   cmsis_os2.o
       108          0          0          0        104       4287   dma2d.o
       346          0          0          0          4       8136   fmc.o
       130          0         48          0          8       5744   freertos.o
       344          0          0          0          0       3104   gpio.o
      1084          0          0          0      15392       4414   heap_4.o
      1136          0          0          0         20       7829   lcd.o
       296          0          0          0          0       2217   list.o
       676          0          0          0        168       6946   ltdc.o
       698          0          0          0          0       9958   main.o
      1128         16          0          4          5       3828   port.o
      2604          0          0          0         64      17274   queue.o
        72         30        664          0      12288        844   startup_stm32h743xx.o
       240          0          0          5          4      13769   stm32h7xx_hal.o
       590          0          0          0          0      11575   stm32h7xx_hal_cortex.o
       188          0          0          0          0      12326   stm32h7xx_hal_dma2d.o
      1010          0          0          0          0       7018   stm32h7xx_hal_gpio.o
      1056          0          0          0          0      12758   stm32h7xx_hal_ltdc.o
        50          0          0          0          0       5331   stm32h7xx_hal_msp.o
        18          0          0          0          0       4957   stm32h7xx_hal_pwr.o
       162          0          0          0          0      10382   stm32h7xx_hal_pwr_ex.o
      5104         66          0          0          0      11895   stm32h7xx_hal_rcc.o
      5172         64          0          0          0      19253   stm32h7xx_hal_rcc_ex.o
       348          0          0          0          0      10315   stm32h7xx_hal_sdram.o
      1480          0          0          0          0      37558   stm32h7xx_hal_tim.o
        24          0          0          0          0      17493   stm32h7xx_hal_tim_ex.o
       220          0          0          0         76       9665   stm32h7xx_hal_timebase_tim.o
        38          0          0          0          0        862   stm32h7xx_it.o
       500          0          0          0          0       7280   stm32h7xx_ll_fmc.o
       436          0         16          8          0       6160   system_stm32h7xx.o
      3918          0          5          0       1280      24127   tasks.o
      1692         10         13          0        300      11580   timers.o
       466          0          0          0          0       4724   w9825g6kh.o

    ----------------------------------------------------------------------
     32592        202        782         20      31444     350214   Object Totals
         0          0         32          0          0          0   (incl. Generated)
       512         16          4          3          7          0   (incl. Padding)

    ----------------------------------------------------------------------

      Code (inc. data)   RO Data    RW Data    ZI Data      Debug   Library Member Name

         8          0          0          0          0         68   __main.o
         0          0          0          0          0          0   __rtentry.o
        12          0          0          0          0          0   __rtentry2.o
         6          0          0          0          0          0   __rtentry4.o
        94          8          0          0          0          0   __scatter.o
        26          0          0          0          0          0   __scatter_copy.o
        28          0          0          0          0          0   __scatter_zi.o
        16          0          0          0          0         68   aeabi_memset4.o
        10          0          0          0          0         68   defsig_exit.o
        50          0          0          0          0         88   defsig_general.o
        80         58          0          0          0         76   defsig_rtmem_inner.o
        14          0          0          0          0         80   defsig_rtmem_outer.o
        18          0          0          0          0         80   exit.o
        94          0          0          0          0         80   h1_alloc.o
        52          0          0          0          0         68   h1_extend.o
        78          0          0          0          0         80   h1_free.o
        12          0          0          0          0         84   h1_init.o
         6          0          0          0          0        152   heapauxi.o
         4          0          0          0          0        136   hguard.o
         0          0          0          0          0          0   indicate_semi.o
       138          0          0          0          0        168   init_alloc.o
         2          0          0          0          0          0   libinit.o
        14          0          0          0          0          0   libinit2.o
         2          0          0          0          0          0   libshutdown.o
         2          0          0          0          0          0   libshutdown2.o
         8          4          0          0         96         68   libspace.o
         0          0          0          0          0          0   maybetermalloc1.o
         8          4          0          0          0         68   rt_heap_descriptor_intlibspace.o
        78          0          0          0          0         80   rt_memclr_w.o
       138          0          0          0          0         68   rt_memcpy_v6.o
       100          0          0          0          0         80   rt_memcpy_w.o
         2          0          0          0          0          0   rtexit.o
        10          0          0          0          0          0   rtexit2.o
        12          4          0          0          0         68   sys_exit.o
        74          0          0          0          0         80   sys_stackheap_outer.o
        14          0          0          0          0         76   sys_wrch.o
         2          0          0          0          0         68   use_no_semi.o
        26          0          0          0          0        116   fpinit.o

    ----------------------------------------------------------------------
      1250         78          0          0         96       2068   Library Totals
        12          0          0          0          0          0   (incl. Padding)

    ----------------------------------------------------------------------

      Code (inc. data)   RO Data    RW Data    ZI Data      Debug   Library Name

      1212         78          0          0         96       1952   c_w.l
        26          0          0          0          0        116   fz_wv.l

    ----------------------------------------------------------------------
      1250         78          0          0         96       2068   Library Totals

    ----------------------------------------------------------------------

==============================================================================


      Code (inc. data)   RO Data    RW Data    ZI Data      Debug   

     33842        280        782         20      31540     350690   Grand Totals
     33842        280        782         20      31540     350690   ELF Image Totals
     33842        280        782         20          0          0   ROM Totals

==============================================================================

    Total RO  Size (Code + RO Data)                34624 (  33.81kB)
    Total RW  Size (RW Data + ZI Data)             31560 (  30.82kB)
    Total ROM Size (Code + RO Data + RW Data)      34644 (  33.83kB)

==============================================================================

