<html>
<body>
<pre>
<h1>µVision Build Log</h1>
<h2>Tool Versions:</h2>
IDE-Version: ¦ÌVision V5.43.1.0
Copyright (C) 2025 ARM Ltd and ARM Germany GmbH. All rights reserved.
License Information: Song Yilong, Guangdong University of Technology, LIC=9WSKC-7FF4Q-Y82FK-ZAIAI-VAYNS-URDYC
 
Tool Versions:
Toolchain:       MDK-ARM Plus  Version: 5.43.0.0
Toolchain Path:  A:\Keil\Keil_Core\ARM\ARMCLANG\Bin
C Compiler:      ArmClang.exe V6.24
Assembler:       Armasm.exe V6.24
Linker/Locator:  ArmLink.exe V6.24
Library Manager: ArmAr.exe V6.24
Hex Converter:   FromElf.exe V6.24
CPU DLL:         SARMCM3.DLL V5.43.0.0
Dialog DLL:      DCM.DLL V1.17.5.0
Target DLL:      STLink\ST-LINKIII-KEIL_SWO.dll V3.3.1.0
Dialog DLL:      TCM.DLL V1.56.6.0
 
<h2>Project:</h2>
C:\Users\ËÎÒÝÁú\Desktop\STM32H743IIT6\MDK-ARM\STM32H743IIT6.uvprojx
Project File Date:  01/06/2026

<h2>Output:</h2>
*** Using Compiler 'V6.24', folder: 'A:\Keil\Keil_Core\ARM\ARMCLANG\Bin'
Build target 'STM32H743IIT6'
assembling startup_stm32h743xx.s...
compiling fmc.c...
compiling ltdc.c...
compiling freertos.c...
compiling w9825g6kh.c...
compiling main.c...
compiling lcd.c...
linking...
Program Size: Code=33842 RO-data=782 RW-data=20 ZI-data=31540  
FromELF: creating hex file...
"STM32H743IIT6\STM32H743IIT6.axf" - 0 Error(s), 0 Warning(s).

<h2>Software Packages used:</h2>

Package Vendor: ARM
                https://www.keil.com/pack/ARM.CMSIS.6.2.0.pack
                ARM::CMSIS@6.2.0
                CMSIS (Common Microcontroller Software Interface Standard)
   * Component: CORE Version: 6.1.1

Package Vendor: Keil
                https://www.keil.com/pack/Keil.STM32H7xx_DFP.4.1.3.pack
                Keil::STM32H7xx_DFP@4.1.3
                STMicroelectronics STM32H7 Series Device Support

<h2>Collection of Component include folders:</h2>
  ./RTE/_STM32H743IIT6
  A:/Keil/Keil_Pack/ARM/CMSIS/6.2.0/CMSIS/Core/Include

<h2>Collection of Component Files used:</h2>

   * Component: ARM::CMSIS:CORE@6.1.1
      Include file:  CMSIS/Core/Include/tz_context.h
Build Time Elapsed:  00:00:02
</pre>
</body>
</html>
